Component: ARM Compiler 5.06 update 6 (build 750) Tool: armlink [4d35ed]

==============================================================================

Section Cross References

    startup_stm32f10x_hd.o(STACK) refers (Special) to heapauxi.o(.text) for __use_two_region_memory
    startup_stm32f10x_hd.o(HEAP) refers (Special) to heapauxi.o(.text) for __use_two_region_memory
    startup_stm32f10x_hd.o(RESET) refers (Special) to heapauxi.o(.text) for __use_two_region_memory
    startup_stm32f10x_hd.o(RESET) refers to startup_stm32f10x_hd.o(STACK) for __initial_sp
    startup_stm32f10x_hd.o(RESET) refers to startup_stm32f10x_hd.o(.text) for Reset_Handler
    startup_stm32f10x_hd.o(RESET) refers to stm32f10x_it.o(i.NMI_Handler) for NMI_Handler
    startup_stm32f10x_hd.o(RESET) refers to stm32f10x_it.o(i.HardFault_Handler) for HardFault_Handler
    startup_stm32f10x_hd.o(RESET) refers to stm32f10x_it.o(i.MemManage_Handler) for MemManage_Handler
    startup_stm32f10x_hd.o(RESET) refers to stm32f10x_it.o(i.BusFault_Handler) for BusFault_Handler
    startup_stm32f10x_hd.o(RESET) refers to stm32f10x_it.o(i.UsageFault_Handler) for UsageFault_Handler
    startup_stm32f10x_hd.o(RESET) refers to stm32f10x_it.o(i.SVC_Handler) for SVC_Handler
    startup_stm32f10x_hd.o(RESET) refers to stm32f10x_it.o(i.DebugMon_Handler) for DebugMon_Handler
    startup_stm32f10x_hd.o(RESET) refers to stm32f10x_it.o(i.PendSV_Handler) for PendSV_Handler
    startup_stm32f10x_hd.o(RESET) refers to stm32f10x_it.o(i.SysTick_Handler) for SysTick_Handler
    startup_stm32f10x_hd.o(RESET) refers to systick.o(i.TIM2_IRQHandler) for TIM2_IRQHandler
    startup_stm32f10x_hd.o(RESET) refers to asrpro_uart.o(i.USART1_IRQHandler) for USART1_IRQHandler
    startup_stm32f10x_hd.o(RESET) refers to esp8266.o(i.USART3_IRQHandler) for USART3_IRQHandler
    startup_stm32f10x_hd.o(.text) refers (Special) to heapauxi.o(.text) for __use_two_region_memory
    startup_stm32f10x_hd.o(.text) refers to system_stm32f10x.o(i.SystemInit) for SystemInit
    startup_stm32f10x_hd.o(.text) refers to __main.o(!!!main) for __main
    startup_stm32f10x_hd.o(.text) refers to startup_stm32f10x_hd.o(HEAP) for Heap_Mem
    startup_stm32f10x_hd.o(.text) refers to startup_stm32f10x_hd.o(STACK) for Stack_Mem
    pwm.o(i.PWM_Init) refers to stm32f10x_rcc.o(i.RCC_APB2PeriphClockCmd) for RCC_APB2PeriphClockCmd
    pwm.o(i.PWM_Init) refers to stm32f10x_rcc.o(i.RCC_APB1PeriphClockCmd) for RCC_APB1PeriphClockCmd
    pwm.o(i.PWM_Init) refers to stm32f10x_gpio.o(i.GPIO_Init) for GPIO_Init
    pwm.o(i.PWM_Init) refers to stm32f10x_gpio.o(i.GPIO_ResetBits) for GPIO_ResetBits
    pwm.o(i.PWM_Init) refers to stm32f10x_tim.o(i.TIM_TimeBaseInit) for TIM_TimeBaseInit
    pwm.o(i.PWM_Init) refers to stm32f10x_tim.o(i.TIM_OC1Init) for TIM_OC1Init
    pwm.o(i.PWM_Init) refers to stm32f10x_tim.o(i.TIM_OC2Init) for TIM_OC2Init
    pwm.o(i.PWM_Init) refers to stm32f10x_tim.o(i.TIM_OC3Init) for TIM_OC3Init
    pwm.o(i.PWM_Init) refers to stm32f10x_tim.o(i.TIM_OC4Init) for TIM_OC4Init
    pwm.o(i.PWM_Init) refers to stm32f10x_tim.o(i.TIM_OC1PreloadConfig) for TIM_OC1PreloadConfig
    pwm.o(i.PWM_Init) refers to stm32f10x_tim.o(i.TIM_OC2PreloadConfig) for TIM_OC2PreloadConfig
    pwm.o(i.PWM_Init) refers to stm32f10x_tim.o(i.TIM_OC3PreloadConfig) for TIM_OC3PreloadConfig
    pwm.o(i.PWM_Init) refers to stm32f10x_tim.o(i.TIM_OC4PreloadConfig) for TIM_OC4PreloadConfig
    pwm.o(i.PWM_Init) refers to stm32f10x_tim.o(i.TIM_Cmd) for TIM_Cmd
    pwm.o(i.PWM_Init) refers to stm32f10x_tim.o(i.TIM_SetCompare1) for TIM_SetCompare1
    pwm.o(i.PWM_Init) refers to stm32f10x_tim.o(i.TIM_SetCompare2) for TIM_SetCompare2
    pwm.o(i.PWM_Init) refers to stm32f10x_tim.o(i.TIM_SetCompare3) for TIM_SetCompare3
    pwm.o(i.PWM_Init) refers to stm32f10x_tim.o(i.TIM_SetCompare4) for TIM_SetCompare4
    jidianqi.o(i.LED_Config) refers to stm32f10x_rcc.o(i.RCC_APB2PeriphClockCmd) for RCC_APB2PeriphClockCmd
    jidianqi.o(i.LED_Config) refers to stm32f10x_gpio.o(i.GPIO_Init) for GPIO_Init
    jidianqi.o(i.LED_Config) refers to stm32f10x_gpio.o(i.GPIO_ResetBits) for GPIO_ResetBits
    jidianqi.o(i.LED_Config) refers to stm32f10x_gpio.o(i.GPIO_SetBits) for GPIO_SetBits
    mp3.o(i.MP3_Com) refers to stm32f10x_usart.o(i.USART_ClearFlag) for USART_ClearFlag
    mp3.o(i.MP3_Com) refers to stm32f10x_usart.o(i.USART_SendData) for USART_SendData
    mp3.o(i.MP3_Com) refers to stm32f10x_usart.o(i.USART_GetFlagStatus) for USART_GetFlagStatus
    mp3.o(i.MP3_Init) refers to mp3.o(i.MP3_USART_Init) for MP3_USART_Init
    mp3.o(i.MP3_Init) refers to delay.o(i.delay_us) for delay_us
    mp3.o(i.MP3_Init) refers to mp3.o(i.MP3_Com) for MP3_Com
    mp3.o(i.MP3_Star) refers to mp3.o(i.MP3_Com) for MP3_Com
    mp3.o(i.MP3_State) refers to stm32f10x_gpio.o(i.GPIO_ReadInputDataBit) for GPIO_ReadInputDataBit
    mp3.o(i.MP3_USART_Init) refers to stm32f10x_rcc.o(i.RCC_APB1PeriphClockCmd) for RCC_APB1PeriphClockCmd
[...]
    Removing stm32f10x_tim.o(i.TIM_OC1PolarityConfig), (18 bytes).
    Removing stm32f10x_tim.o(i.TIM_OC2FastConfig), (26 bytes).
    Removing stm32f10x_tim.o(i.TIM_OC2NPolarityConfig), (26 bytes).
    Removing stm32f10x_tim.o(i.TIM_OC2PolarityConfig), (26 bytes).
    Removing stm32f10x_tim.o(i.TIM_OC3FastConfig), (18 bytes).
    Removing stm32f10x_tim.o(i.TIM_OC3NPolarityConfig), (26 bytes).
    Removing stm32f10x_tim.o(i.TIM_OC3PolarityConfig), (26 bytes).
    Removing stm32f10x_tim.o(i.TIM_OC4FastConfig), (26 bytes).
    Removing stm32f10x_tim.o(i.TIM_OC4PolarityConfig), (26 bytes).
    Removing stm32f10x_tim.o(i.TIM_OCStructInit), (20 bytes).
    Removing stm32f10x_tim.o(i.TIM_PWMIConfig), (124 bytes).
    Removing stm32f10x_tim.o(i.TIM_PrescalerConfig), (6 bytes).
    Removing stm32f10x_tim.o(i.TIM_SelectCCDMA), (24 bytes).
    Removing stm32f10x_tim.o(i.TIM_SelectCOM), (24 bytes).
    Removing stm32f10x_tim.o(i.TIM_SelectHallSensor), (24 bytes).
    Removing stm32f10x_tim.o(i.TIM_SelectInputTrigger), (18 bytes).
    Removing stm32f10x_tim.o(i.TIM_SelectMasterSlaveMode), (18 bytes).
    Removing stm32f10x_tim.o(i.TIM_SelectOCxM), (82 bytes).
    Removing stm32f10x_tim.o(i.TIM_SelectOnePulseMode), (18 bytes).
    Removing stm32f10x_tim.o(i.TIM_SelectOutputTrigger), (18 bytes).
    Removing stm32f10x_tim.o(i.TIM_SelectSlaveMode), (18 bytes).
    Removing stm32f10x_tim.o(i.TIM_SetAutoreload), (4 bytes).
    Removing stm32f10x_tim.o(i.TIM_SetClockDivision), (18 bytes).
    Removing stm32f10x_tim.o(i.TIM_SetCounter), (4 bytes).
    Removing stm32f10x_tim.o(i.TIM_SetIC1Prescaler), (18 bytes).
    Removing stm32f10x_tim.o(i.TIM_SetIC2Prescaler), (26 bytes).
    Removing stm32f10x_tim.o(i.TIM_SetIC3Prescaler), (18 bytes).
    Removing stm32f10x_tim.o(i.TIM_SetIC4Prescaler), (26 bytes).
    Removing stm32f10x_tim.o(i.TIM_TIxExternalClockConfig), (62 bytes).
    Removing stm32f10x_tim.o(i.TIM_TimeBaseStructInit), (18 bytes).
    Removing stm32f10x_tim.o(i.TIM_UpdateDisableConfig), (24 bytes).
    Removing stm32f10x_tim.o(i.TIM_UpdateRequestConfig), (24 bytes).
    Removing stm32f10x_usart.o(i.USART_ClockInit), (34 bytes).
    Removing stm32f10x_usart.o(i.USART_ClockStructInit), (12 bytes).
    Removing stm32f10x_usart.o(i.USART_DMACmd), (18 bytes).
    Removing stm32f10x_usart.o(i.USART_GetFlagStatus), (26 bytes).
    Removing stm32f10x_usart.o(i.USART_HalfDuplexCmd), (24 bytes).
    Removing stm32f10x_usart.o(i.USART_IrDACmd), (24 bytes).
    Removing stm32f10x_usart.o(i.USART_IrDAConfig), (18 bytes).
    Removing stm32f10x_usart.o(i.USART_LINBreakDetectLengthConfig), (18 bytes).
    Removing stm32f10x_usart.o(i.USART_LINCmd), (24 bytes).
    Removing stm32f10x_usart.o(i.USART_OneBitMethodCmd), (24 bytes).
    Removing stm32f10x_usart.o(i.USART_OverSampling8Cmd), (22 bytes).
    Removing stm32f10x_usart.o(i.USART_ReceiverWakeUpCmd), (24 bytes).
    Removing stm32f10x_usart.o(i.USART_SendBreak), (10 bytes).
    Removing stm32f10x_usart.o(i.USART_SendData), (8 bytes).
    Removing stm32f10x_usart.o(i.USART_SetAddress), (18 bytes).
    Removing stm32f10x_usart.o(i.USART_SetGuardTime), (16 bytes).
    Removing stm32f10x_usart.o(i.USART_SetPrescaler), (16 bytes).
    Removing stm32f10x_usart.o(i.USART_SmartCardCmd), (24 bytes).
    Removing stm32f10x_usart.o(i.USART_SmartCardNACKCmd), (24 bytes).
    Removing stm32f10x_usart.o(i.USART_StructInit), (24 bytes).
    Removing stm32f10x_usart.o(i.USART_WakeUpConfig), (18 bytes).
    Removing stm32f10x_wwdg.o(i.WWDG_ClearFlag), (12 bytes).
    Removing stm32f10x_wwdg.o(i.WWDG_DeInit), (22 bytes).
    Removing stm32f10x_wwdg.o(i.WWDG_Enable), (16 bytes).
    Removing stm32f10x_wwdg.o(i.WWDG_EnableIT), (12 bytes).
    Removing stm32f10x_wwdg.o(i.WWDG_GetFlagStatus), (12 bytes).
    Removing stm32f10x_wwdg.o(i.WWDG_SetCounter), (16 bytes).
    Removing stm32f10x_wwdg.o(i.WWDG_SetPrescaler), (24 bytes).
    Removing stm32f10x_wwdg.o(i.WWDG_SetWindowValue), (40 bytes).
    Removing delay.o(i.delay), (22 bytes).
    Removing delay.o(i.delay_s), (24 bytes).
    Removing sys.o(i.NVIC_Configuration), (12 bytes).
    Removing usart.o(i.Usart3_Init), (172 bytes).
    Removing usart.o(i.UsartPrintf), (72 bytes).
    Removing usart.o(i.Usart_SendString), (50 bytes).
    Removing system_stm32f10x.o(i.SystemCoreClockUpdate), (164 bytes).
    Removing main.o(.bss), (10 bytes).
    Removing esp8266.o(i.ESP8266_Clear), (28 bytes).
    Removing esp8266.o(i.ESP8266_GetIPD), (80 bytes).
    Removing esp8266.o(i.ESP8266_Init), (260 bytes).
    Removing esp8266.o(i.ESP8266_SendCmd), (84 bytes).
    Removing esp8266.o(i.ESP8266_SendData), (72 bytes).
    Removing esp8266.o(i.ESP8266_WaitRecive), (52 bytes).
    Removing edpkit.o(i.EDP_DeleteBuffer), (28 bytes).
    Removing edpkit.o(i.EDP_NewBuffer), (88 bytes).
    Removing edpkit.o(i.EDP_PacketCmdResp), (192 bytes).
    Removing edpkit.o(i.EDP_PacketConnect1), (236 bytes).
    Removing edpkit.o(i.EDP_PacketConnect2), (252 bytes).
    Removing edpkit.o(i.EDP_PacketPing), (48 bytes).
    Removing edpkit.o(i.EDP_PacketPushData), (188 bytes).
    Removing edpkit.o(i.EDP_PacketSaveData), (462 bytes).
    Removing edpkit.o(i.EDP_UnPacketCmd), (214 bytes).
    Removing edpkit.o(i.EDP_UnPacketConnectRsp), (6 bytes).
    Removing edpkit.o(i.EDP_UnPacketPushData), (176 bytes).
    Removing edpkit.o(i.EDP_UnPacketRecv), (6 bytes).
    Removing edpkit.o(i.ReadRemainlen), (62 bytes).
    Removing edpkit.o(i.WriteRemainlen), (46 bytes).
    Removing onenet.o(i.OneNet_DevLink), (172 bytes).
    Removing onenet.o(i.OneNet_FillBuf), (88 bytes).
    Removing onenet.o(i.OneNet_RevPro), (440 bytes).
    Removing onenet.o(i.OneNet_SendData), (98 bytes).
    Removing onenet.o(.data), (4 bytes).

490 unused section(s) (total 23690 bytes) removed from the image.

==============================================================================

Image Symbol Table

    Local Symbols

    Symbol Name                              Value     Ov Type        Size  Object(Section)

    ../clib/angel/boardlib.s                 0x00000000   Number         0  boardinit3.o ABSOLUTE
    ../clib/angel/boardlib.s                 0x00000000   Number         0  boardshut.o ABSOLUTE
    ../clib/angel/boardlib.s                 0x00000000   Number         0  boardinit2.o ABSOLUTE
    ../clib/angel/boardlib.s                 0x00000000   Number         0  boardinit1.o ABSOLUTE
    ../clib/angel/dclz77c.s                  0x00000000   Number         0  __dclz77c.o ABSOLUTE
    ../clib/angel/handlers.s                 0x00000000   Number         0  __scatter_zi.o ABSOLUTE
    ../clib/angel/kernel.s                   0x00000000   Number         0  rtexit2.o ABSOLUTE
    ../clib/angel/kernel.s                   0x00000000   Number         0  rtexit.o ABSOLUTE
    ../clib/angel/kernel.s                   0x00000000   Number         0  __rtentry.o ABSOLUTE
    ../clib/angel/kernel.s                   0x00000000   Number         0  __rtentry4.o ABSOLUTE
    ../clib/angel/kernel.s                   0x00000000   Number         0  __rtentry2.o ABSOLUTE
    ../clib/angel/rt.s                       0x00000000   Number         0  rt_raise.o ABSOLUTE
    ../clib/angel/rt.s                       0x00000000   Number         0  rt_ctype_table.o ABSOLUTE
    ../clib/angel/rt.s                       0x00000000   Number         0  rt_heap_descriptor.o ABSOLUTE
    ../clib/angel/rt.s                       0x00000000   Number         0  rt_locale_intlibspace.o ABSOLUTE
    ../clib/angel/rt.s                       0x00000000   Number         0  rt_locale.o ABSOLUTE
    ../clib/angel/rt.s                       0x00000000   Number         0  rt_heap_descriptor_intlibspace.o ABSOLUTE
    ../clib/angel/scatter.s                  0x00000000   Number         0  __scatter.o ABSOLUTE
    ../clib/angel/startup.s                  0x00000000   Number         0  __main.o ABSOLUTE
    ../clib/angel/sys.s                      0x00000000   Number         0  libspace.o ABSOLUTE
    ../clib/angel/sys.s                      0x00000000   Number         0  mutex_dummy.o ABSOLUTE
    ../clib/angel/sys.s                      0x00000000   Number         0  sys_stackheap_outer.o ABSOLUTE
    ../clib/angel/sys.s                      0x00000000   Number         0  use_no_semi.o ABSOLUTE
    ../clib/angel/sys.s                      0x00000000   Number         0  indicate_semi.o ABSOLUTE
    ../clib/angel/sysapp.c                   0x00000000   Number         0  sys_wrch.o ABSOLUTE
    ../clib/angel/sysapp.c                   0x00000000   Number         0  sys_exit.o ABSOLUTE
    ../clib/angel/sysapp.c                   0x00000000   Number         0  sys_command.o ABSOLUTE
    ../clib/armsys.c                         0x00000000   Number         0  no_argv.o ABSOLUTE
    ../clib/armsys.c                         0x00000000   Number         0  _get_argv_nomalloc.o ABSOLUTE
    ../clib/armsys.c                         0x00000000   Number         0  _get_argv.o ABSOLUTE
    ../clib/armsys.c                         0x00000000   Number         0  argv_veneer.o ABSOLUTE
    ../clib/armsys.c                         0x00000000   Number         0  argv_veneer.o ABSOLUTE
    ../clib/bigflt.c                         0x00000000   Number         0  bigflt0.o ABSOLUTE
    ../clib/btod.s                           0x00000000   Number         0  btod.o ABSOLUTE
    ../clib/heap1.c                          0x00000000   Number         0  h1_free_mt.o ABSOLUTE
    ../clib/heap1.c                          0x00000000   Number         0  h1_free.o ABSOLUTE
    ../clib/heap1.c                          0x00000000   Number         0  h1_alloc.o ABSOLUTE
    ../clib/heap1.c                          0x00000000   Number         0  h1_extend_mt.o ABSOLUTE
    ../clib/heap1.c                          0x00000000   Number         0  h1_final_mt.o ABSOLUTE
    ../clib/heap1.c                          0x00000000   Number         0  h1_init.o ABSOLUTE
    ../clib/heap1.c                          0x00000000   Number         0  h1_init_mt.o ABSOLUTE
    ../clib/heap1.c                          0x00000000   Number         0  h1_final.o ABSOLUTE
    ../clib/heap1.c                          0x00000000   Number         0  h1_alloc_mt.o ABSOLUTE
    ../clib/heap1.c                          0x00000000   Number         0  h1_extend.o ABSOLUTE
    ../clib/heap2.c                          0x00000000   Number         0  heap2mt.o ABSOLUTE
    ../clib/heap2.c                          0x00000000   Number         0  heap2.o ABSOLUTE
    ../clib/heap2.c                          0x00000000   Number         0  fdtree.o ABSOLUTE
    ../clib/heapalloc.c                      0x00000000   Number         0  term_alloc.o ABSOLUTE
    ../clib/heapalloc.c                      0x00000000   Number         0  hrguard.o ABSOLUTE
    ../clib/heapalloc.c                      0x00000000   Number         0  free.o ABSOLUTE
    ../clib/heapalloc.c                      0x00000000   Number         0  maybetermalloc1.o ABSOLUTE
    ../clib/heapalloc.c                      0x00000000   Number         0  maybetermalloc1.o ABSOLUTE
    ../clib/heapalloc.c                      0x00000000   Number         0  hguard.o ABSOLUTE
    ../clib/heapalloc.c                      0x00000000   Number         0  init_alloc.o ABSOLUTE
    ../clib/heapalloc.c                      0x00000000   Number         0  heapstubs.o ABSOLUTE
    ../clib/heapalloc.c                      0x00000000   Number         0  maybetermalloc2.o ABSOLUTE
    ../clib/heapalloc.c                      0x00000000   Number         0  maybetermalloc2.o ABSOLUTE
    ../clib/heapalloc.c                      0x00000000   Number         0  malloc.o ABSOLUTE
    ../clib/heapaux.c                        0x00000000   Number         0  heapauxi.o ABSOLUTE
    ../clib/heapaux.c                        0x00000000   Number         0  heapauxa.o ABSOLUTE
    ../clib/libinit.s                        0x00000000   Number         0  libinit.o ABSOLUTE
    ../clib/libinit.s                        0x00000000   Number         0  libshutdown2.o ABSOLUTE
    ../clib/libinit.s                        0x00000000   Number         0  libinit2.o ABSOLUTE
    ../clib/libinit.s                        0x00000000   Number         0  libshutdown.o ABSOLUTE
    ../clib/locale.c                         0x00000000   Number         0  _wcrtomb.o ABSOLUTE
    ../clib/locale.s                         0x00000000   Number         0  lc_numeric_c.o ABSOLUTE
    ../clib/locale.s                         0x00000000   Number         0  lc_ctype_c.o ABSOLUTE
    ../clib/longlong.s                       0x00000000   Number         0  lludiv10.o ABSOLUTE
    ../clib/memcpset.s                       0x00000000   Number         0  rt_memcpy_w.o ABSOLUTE
    ../clib/memcpset.s                       0x00000000   Number         0  strcmpv7m.o ABSOLUTE
    ../clib/memcpset.s                       0x00000000   Number         0  rt_memclr.o ABSOLUTE
    ../clib/memcpset.s                       0x00000000   Number         0  rt_memcpy_v6.o ABSOLUTE
    ../clib/memcpset.s                       0x00000000   Number         0  rt_memclr_w.o ABSOLUTE
    ../clib/misc.s                           0x00000000   Number         0  printf_stubs.o ABSOLUTE
    ../clib/printf.c                         0x00000000   Number         0  __printf_wp.o ABSOLUTE
    ../clib/printf.c                         0x00000000   Number         0  __printf_flags_ss.o ABSOLUTE
    ../clib/printf.c                         0x00000000   Number         0  __printf_ss.o ABSOLUTE
    ../clib/printf.c                         0x00000000   Number         0  _printf_hex_int_ll.o ABSOLUTE
    ../clib/printf.c                         0x00000000   Number         0  _printf_char.o ABSOLUTE
    ../clib/printf.c                         0x00000000   Number         0  _printf_dec.o ABSOLUTE
    ../clib/printf.c                         0x00000000   Number         0  _printf_hex_ptr.o ABSOLUTE
    ../clib/printf.c                         0x00000000   Number         0  _printf_hex_int_ptr.o ABSOLUTE
    ../clib/printf.c                         0x00000000   Number         0  _printf_fp_infnan.o ABSOLUTE
    ../clib/printf.c                         0x00000000   Number         0  __printf.o ABSOLUTE
    ../clib/printf.c                         0x00000000   Number         0  _printf_hex_ll.o ABSOLUTE
    ../clib/printf.c                         0x00000000   Number         0  _printf_hex_ll_ptr.o ABSOLUTE
    ../clib/printf.c                         0x00000000   Number         0  noretval__2sprintf.o ABSOLUTE
    ../clib/printf.c                         0x00000000   Number         0  _printf_wchar.o ABSOLUTE
    ../clib/printf.c                         0x00000000   Number         0  _printf_hex_int_ll_ptr.o ABSOLUTE
    ../clib/printf.c                         0x00000000   Number         0  __printf_nopercent.o ABSOLUTE
    ../clib/printf.c                         0x00000000   Number         0  __2sprintf.o ABSOLUTE
    ../clib/printf.c                         0x00000000   Number         0  _printf_fp_dec.o ABSOLUTE
    ../clib/printf.c                         0x00000000   Number         0  c89vsnprintf.o ABSOLUTE
    ../clib/printf.c                         0x00000000   Number         0  _printf_hex_int.o ABSOLUTE
    ../clib/printf.c                         0x00000000   Number         0  _printf_oct_int_ll.o ABSOLUTE
    ../clib/printf.c                         0x00000000   Number         0  _printf_oct_int.o ABSOLUTE
    ../clib/printf.c                         0x00000000   Number         0  _printf_oct_ll.o ABSOLUTE
    ../clib/printf.c                         0x00000000   Number         0  _printf_longlong_dec.o ABSOLUTE
    ../clib/printf.c                         0x00000000   Number         0  _printf_wctomb.o ABSOLUTE
    ../clib/printf.c                         0x00000000   Number         0  _snputc.o ABSOLUTE
    ../clib/printf.c                         0x00000000   Number         0  __printf_flags.o ABSOLUTE
    ../clib/printf.c                         0x00000000   Number         0  _printf_charcount.o ABSOLUTE
    ../clib/printf.c                         0x00000000   Number         0  _printf_intcommon.o ABSOLUTE
    ../clib/printf.c                         0x00000000   Number         0  _printf_str.o ABSOLUTE
    ../clib/printf.c                         0x00000000   Number         0  _printf_truncate.o ABSOLUTE
    ../clib/printf.c                         0x00000000   Number         0  _printf_char_common.o ABSOLUTE
    ../clib/printf.c                         0x00000000   Number         0  __printf_flags_ss_wp.o ABSOLUTE
    ../clib/printf.c                         0x00000000   Number         0  __printf_ss_wp.o ABSOLUTE
    ../clib/printf.c                         0x00000000   Number         0  _sputc.o ABSOLUTE
    ../clib/printf.c                         0x00000000   Number         0  __printf_flags_wp.o ABSOLUTE
    ../clib/printf.c                         0x00000000   Number         0  _printf_pad.o ABSOLUTE
    ../clib/printf_percent.s                 0x00000000   Number         0  _printf_percent.o ABSOLUTE
    ../clib/printf_percent.s                 0x00000000   Number         0  _printf_a.o ABSOLUTE
    ../clib/printf_percent.s                 0x00000000   Number         0  _printf_g.o ABSOLUTE
    ../clib/printf_percent.s                 0x00000000   Number         0  _printf_lld.o ABSOLUTE
    ../clib/printf_percent.s                 0x00000000   Number         0  _printf_d.o ABSOLUTE
    ../clib/printf_percent.s                 0x00000000   Number         0  _printf_e.o ABSOLUTE
    ../clib/printf_percent.s                 0x00000000   Number         0  _printf_llx.o ABSOLUTE
    ../clib/printf_percent.s                 0x00000000   Number         0  _printf_llo.o ABSOLUTE
    ../clib/printf_percent.s                 0x00000000   Number         0  _printf_ls.o ABSOLUTE
    ../clib/printf_percent.s                 0x00000000   Number         0  _printf_lc.o ABSOLUTE
    ../clib/printf_percent.s                 0x00000000   Number         0  _printf_u.o ABSOLUTE
    ../clib/printf_percent.s                 0x00000000   Number         0  _printf_ll.o ABSOLUTE
    ../clib/printf_percent.s                 0x00000000   Number         0  _printf_llu.o ABSOLUTE
    ../clib/printf_percent.s                 0x00000000   Number         0  _printf_i.o ABSOLUTE
    ../clib/printf_percent.s                 0x00000000   Number         0  _printf_o.o ABSOLUTE
    ../clib/printf_percent.s                 0x00000000   Number         0  _printf_p.o ABSOLUTE
    ../clib/printf_percent.s                 0x00000000   Number         0  _printf_x.o ABSOLUTE
    ../clib/printf_percent.s                 0x00000000   Number         0  _printf_lli.o ABSOLUTE
    ../clib/printf_percent.s                 0x00000000   Number         0  _printf_f.o ABSOLUTE
    ../clib/printf_percent.s                 0x00000000   Number         0  _printf_n.o ABSOLUTE
    ../clib/printf_percent.s                 0x00000000   Number         0  _printf_s.o ABSOLUTE
    ../clib/printf_percent.s                 0x00000000   Number         0  _printf_c.o ABSOLUTE
    ../clib/printf_percent.s                 0x00000000   Number         0  _printf_l.o ABSOLUTE
    ../clib/printf_percent.s                 0x00000000   Number         0  _printf_percent_end.o ABSOLUTE
    ../clib/signal.c                         0x00000000   Number         0  defsig_rtmem_inner.o ABSOLUTE
    ../clib/signal.c                         0x00000000   Number         0  defsig_rtmem_formal.o ABSOLUTE
    ../clib/signal.c                         0x00000000   Number         0  defsig_rtmem_outer.o ABSOLUTE
    ../clib/signal.c                         0x00000000   Number         0  __raise.o ABSOLUTE
    ../clib/signal.c                         0x00000000   Number         0  defsig_general.o ABSOLUTE
    ../clib/signal.c                         0x00000000   Number         0  defsig_exit.o ABSOLUTE
    ../clib/signal.c                         0x00000000   Number         0  defsig_abrt_inner.o ABSOLUTE
    ../clib/signal.c                         0x00000000   Number         0  defsig_fpe_inner.o ABSOLUTE
    ../clib/signal.c                         0x00000000   Number         0  defsig_rtred_inner.o ABSOLUTE
    ../clib/signal.c                         0x00000000   Number         0  defsig_stak_inner.o ABSOLUTE
    ../clib/signal.c                         0x00000000   Number         0  defsig_pvfn_inner.o ABSOLUTE
    ../clib/signal.c                         0x00000000   Number         0  defsig_cppl_inner.o ABSOLUTE
    ../clib/signal.c                         0x00000000   Number         0  defsig_segv_inner.o ABSOLUTE
    ../clib/signal.c                         0x00000000   Number         0  defsig_other.o ABSOLUTE
    ../clib/signal.s                         0x00000000   Number         0  defsig.o ABSOLUTE
    ../clib/stdlib.c                         0x00000000   Number         0  exit.o ABSOLUTE
    ../clib/string.c                         0x00000000   Number         0  strcpy.o ABSOLUTE
    ../clib/string.c                         0x00000000   Number         0  strlen.o ABSOLUTE
    ../clib/string.c                         0x00000000   Number         0  strcat.o ABSOLUTE
    ../clib/string.c                         0x00000000   Number         0  strchr.o ABSOLUTE
    ../clib/string.c                         0x00000000   Number         0  strncat.o ABSOLUTE
    ../clib/string.c                         0x00000000   Number         0  strstr.o ABSOLUTE
    ../fplib/fpinit.s                        0x00000000   Number         0  fpinit.o ABSOLUTE
    ../fplib/istatus.s                       0x00000000   Number         0  istatus.o ABSOLUTE
    ../fplib/printf1.s                       0x00000000   Number         0  printf1.o ABSOLUTE
    ../fplib/usenofp.s                       0x00000000   Number         0  usenofp.o ABSOLUTE
    ../mathlib/fpclassify.c                  0x00000000   Number         0  fpclassify.o ABSOLUTE
    ..\CORE\core_cm3.c                       0x00000000   Number         0  core_cm3.o ABSOLUTE
    ..\CORE\startup_stm32f10x_hd.s           0x00000000   Number         0  startup_stm32f10x_hd.o ABSOLUTE
    ..\HARDWARE\MP3\MP3.c                    0x00000000   Number         0  mp3.o ABSOLUTE
    ..\HARDWARE\PWM\PWM.c                    0x00000000   Number         0  pwm.o ABSOLUTE
    ..\HARDWARE\SysTick\SysTick.c            0x00000000   Number         0  systick.o ABSOLUTE
    ..\HARDWARE\YuYin\YuYin.c                0x00000000   Number         0  yuyin.o ABSOLUTE
    ..\HARDWARE\jidianqi\jidianqi.c          0x00000000   Number         0  jidianqi.o ABSOLUTE
    ..\HARDWARE\oled\oled.c                  0x00000000   Number         0  oled.o ABSOLUTE
    ..\NET\EDP\EdpKit.c                      0x00000000   Number         0  edpkit.o ABSOLUTE
    ..\NET\device\src\esp8266.c              0x00000000   Number         0  esp8266.o ABSOLUTE
    ..\NET\onenet\src\onenet.c               0x00000000   Number         0  onenet.o ABSOLUTE
    ..\STM32F10x_FWLib\src\misc.c            0x00000000   Number         0  misc.o ABSOLUTE
    ..\STM32F10x_FWLib\src\stm32f10x_adc.c   0x00000000   Number         0  stm32f10x_adc.o ABSOLUTE
    ..\STM32F10x_FWLib\src\stm32f10x_bkp.c   0x00000000   Number         0  stm32f10x_bkp.o ABSOLUTE
    ..\STM32F10x_FWLib\src\stm32f10x_can.c   0x00000000   Number         0  stm32f10x_can.o ABSOLUTE
    ..\STM32F10x_FWLib\src\stm32f10x_cec.c   0x00000000   Number         0  stm32f10x_cec.o ABSOLUTE
    ..\STM32F10x_FWLib\src\stm32f10x_crc.c   0x00000000   Number         0  stm32f10x_crc.o ABSOLUTE
    ..\STM32F10x_FWLib\src\stm32f10x_dac.c   0x00000000   Number         0  stm32f10x_dac.o ABSOLUTE
    ..\STM32F10x_FWLib\src\stm32f10x_dbgmcu.c 0x00000000   Number         0  stm32f10x_dbgmcu.o ABSOLUTE
    ..\STM32F10x_FWLib\src\stm32f10x_dma.c   0x00000000   Number         0  stm32f10x_dma.o ABSOLUTE
    ..\STM32F10x_FWLib\src\stm32f10x_exti.c  0x00000000   Number         0  stm32f10x_exti.o ABSOLUTE
    ..\STM32F10x_FWLib\src\stm32f10x_flash.c 0x00000000   Number         0  stm32f10x_flash.o ABSOLUTE
    ..\STM32F10x_FWLib\src\stm32f10x_fsmc.c  0x00000000   Number         0  stm32f10x_fsmc.o ABSOLUTE
    ..\STM32F10x_FWLib\src\stm32f10x_gpio.c  0x00000000   Number         0  stm32f10x_gpio.o ABSOLUTE
    ..\STM32F10x_FWLib\src\stm32f10x_i2c.c   0x00000000   Number         0  stm32f10x_i2c.o ABSOLUTE
    ..\STM32F10x_FWLib\src\stm32f10x_iwdg.c  0x00000000   Number         0  stm32f10x_iwdg.o ABSOLUTE
    ..\STM32F10x_FWLib\src\stm32f10x_pwr.c   0x00000000   Number         0  stm32f10x_pwr.o ABSOLUTE
    ..\STM32F10x_FWLib\src\stm32f10x_rcc.c   0x00000000   Number         0  stm32f10x_rcc.o ABSOLUTE
    ..\STM32F10x_FWLib\src\stm32f10x_rtc.c   0x00000000   Number         0  stm32f10x_rtc.o ABSOLUTE
    ..\STM32F10x_FWLib\src\stm32f10x_sdio.c  0x00000000   Number         0  stm32f10x_sdio.o ABSOLUTE
    ..\STM32F10x_FWLib\src\stm32f10x_spi.c   0x00000000   Number         0  stm32f10x_spi.o ABSOLUTE
    ..\STM32F10x_FWLib\src\stm32f10x_tim.c   0x00000000   Number         0  stm32f10x_tim.o ABSOLUTE
    ..\STM32F10x_FWLib\src\stm32f10x_usart.c 0x00000000   Number         0  stm32f10x_usart.o ABSOLUTE
    ..\STM32F10x_FWLib\src\stm32f10x_wwdg.c  0x00000000   Number         0  stm32f10x_wwdg.o ABSOLUTE
    ..\SYSTEM\delay\delay.c                  0x00000000   Number         0  delay.o ABSOLUTE
    ..\SYSTEM\sys\sys.c                      0x00000000   Number         0  sys.o ABSOLUTE
    ..\SYSTEM\usart\usart.c                  0x00000000   Number         0  usart.o ABSOLUTE
    ..\\CORE\\core_cm3.c                     0x00000000   Number         0  core_cm3.o ABSOLUTE
    dc.s                                     0x00000000   Number         0  dc.o ABSOLUTE
    hardware\asrpro_uart.c                   0x00000000   Number         0  asrpro_uart.o ABSOLUTE
    main.c                                   0x00000000   Number         0  main.o ABSOLUTE
    stm32f10x_it.c                           0x00000000   Number         0  stm32f10x_it.o ABSOLUTE
    system_stm32f10x.c                       0x00000000   Number         0  system_stm32f10x.o ABSOLUTE
    RESET                                    0x08000000   Section      304  startup_stm32f10x_hd.o(RESET)
    !!!main                                  0x08000130   Section        8  __main.o(!!!main)
    !!!scatter                               0x08000138   Section       52  __scatter.o(!!!scatter)
    !!dclz77c                                0x0800016c   Section      100  __dclz77c.o(!!dclz77c)
    !!handler_zi                             0x080001d0   Section       28  __scatter_zi.o(!!handler_zi)
    .ARM.Collect$$libinit$$00000000          0x080001ec   Section        2  libinit.o(.ARM.Collect$$libinit$$00000000)
    .ARM.Collect$$libinit$$00000002          0x080001ee   Section        0  libinit2.o(.ARM.Collect$$libinit$$00000002)
    .ARM.Collect$$libinit$$00000004          0x080001ee   Section        0  libinit2.o(.ARM.Collect$$libinit$$00000004)
    .ARM.Collect$$libinit$$0000000A          0x080001ee   Section        0  libinit2.o(.ARM.Collect$$libinit$$0000000A)
    .ARM.Collect$$libinit$$0000000C          0x080001ee   Section        0  libinit2.o(.ARM.Collect$$libinit$$0000000C)
    .ARM.Collect$$libinit$$0000000E          0x080001ee   Section        0  libinit2.o(.ARM.Collect$$libinit$$0000000E)
    .ARM.Collect$$libinit$$00000011          0x080001ee   Section        0  libinit2.o(.ARM.Collect$$libinit$$00000011)
    .ARM.Collect$$libinit$$00000013          0x080001ee   Section        0  libinit2.o(.ARM.Collect$$libinit$$00000013)
    .ARM.Collect$$libinit$$00000015          0x080001ee   Section        0  libinit2.o(.ARM.Collect$$libinit$$00000015)
    .ARM.Collect$$libinit$$00000017          0x080001ee   Section        0  libinit2.o(.ARM.Collect$$libinit$$00000017)
    .ARM.Collect$$libinit$$00000019          0x080001ee   Section        0  libinit2.o(.ARM.Collect$$libinit$$00000019)
    .ARM.Collect$$libinit$$0000001B          0x080001ee   Section        0  libinit2.o(.ARM.Collect$$libinit$$0000001B)
    .ARM.Collect$$libinit$$0000001D          0x080001ee   Section        0  libinit2.o(.ARM.Collect$$libinit$$0000001D)
    .ARM.Collect$$libinit$$0000001F          0x080001ee   Section        0  libinit2.o(.ARM.Collect$$libinit$$0000001F)
    .ARM.Collect$$libinit$$00000021          0x080001ee   Section        0  libinit2.o(.ARM.Collect$$libinit$$00000021)
    .ARM.Collect$$libinit$$00000023          0x080001ee   Section        0  libinit2.o(.ARM.Collect$$libinit$$00000023)
    .ARM.Collect$$libinit$$00000025          0x080001ee   Section        0  libinit2.o(.ARM.Collect$$libinit$$00000025)
    .ARM.Collect$$libinit$$0000002C          0x080001ee   Section        0  libinit2.o(.ARM.Collect$$libinit$$0000002C)
    .ARM.Collect$$libinit$$0000002E          0x080001ee   Section        0  libinit2.o(.ARM.Collect$$libinit$$0000002E)
    .ARM.Collect$$libinit$$00000030          0x080001ee   Section        0  libinit2.o(.ARM.Collect$$libinit$$00000030)
    .ARM.Collect$$libinit$$00000032          0x080001ee   Section        0  libinit2.o(.ARM.Collect$$libinit$$00000032)
    .ARM.Collect$$libinit$$00000033          0x080001ee   Section        2  libinit2.o(.ARM.Collect$$libinit$$00000033)
    .ARM.Collect$$libshutdown$$00000000      0x080001f0   Section        2  libshutdown.o(.ARM.Collect$$libshutdown$$00000000)
    .ARM.Collect$$libshutdown$$00000002      0x080001f2   Section        0  libshutdown2.o(.ARM.Collect$$libshutdown$$00000002)
    .ARM.Collect$$libshutdown$$00000004      0x080001f2   Section        0  libshutdown2.o(.ARM.Collect$$libshutdown$$00000004)
    .ARM.Collect$$libshutdown$$00000007      0x080001f2   Section        0  libshutdown2.o(.ARM.Collect$$libshutdown$$00000007)
    .ARM.Collect$$libshutdown$$0000000A      0x080001f2   Section        0  libshutdown2.o(.ARM.Collect$$libshutdown$$0000000A)
    .ARM.Collect$$libshutdown$$0000000C      0x080001f2   Section        0  libshutdown2.o(.ARM.Collect$$libshutdown$$0000000C)
    .ARM.Collect$$libshutdown$$0000000F      0x080001f2   Section        0  libshutdown2.o(.ARM.Collect$$libshutdown$$0000000F)
    .ARM.Collect$$libshutdown$$00000010      0x080001f2   Section        2  libshutdown2.o(.ARM.Collect$$libshutdown$$00000010)
    .ARM.Collect$$rtentry$$00000000          0x080001f4   Section        0  __rtentry.o(.ARM.Collect$$rtentry$$00000000)
    .ARM.Collect$$rtentry$$00000002          0x080001f4   Section        0  __rtentry2.o(.ARM.Collect$$rtentry$$00000002)
    .ARM.Collect$$rtentry$$00000004          0x080001f4   Section        6  __rtentry4.o(.ARM.Collect$$rtentry$$00000004)
    .ARM.Collect$$rtentry$$00000009          0x080001fa   Section        0  __rtentry2.o(.ARM.Collect$$rtentry$$00000009)
    .ARM.Collect$$rtentry$$0000000A          0x080001fa   Section        4  __rtentry2.o(.ARM.Collect$$rtentry$$0000000A)
    .ARM.Collect$$rtentry$$0000000C          0x080001fe   Section        0  __rtentry2.o(.ARM.Collect$$rtentry$$0000000C)
    .ARM.Collect$$rtentry$$0000000D          0x080001fe   Section        8  __rtentry2.o(.ARM.Collect$$rtentry$$0000000D)
    .ARM.Collect$$rtexit$$00000000           0x08000206   Section        2  rtexit.o(.ARM.Collect$$rtexit$$00000000)
    .ARM.Collect$$rtexit$$00000002           0x08000208   Section        0  rtexit2.o(.ARM.Collect$$rtexit$$00000002)
    .ARM.Collect$$rtexit$$00000003           0x08000208   Section        4  rtexit2.o(.ARM.Collect$$rtexit$$00000003)
    .ARM.Collect$$rtexit$$00000004           0x0800020c   Section        6  rtexit2.o(.ARM.Collect$$rtexit$$00000004)
    .text                                    0x08000214   Section       64  startup_stm32f10x_hd.o(.text)
    .text                                    0x08000254   Section        0  heapauxi.o(.text)
    .text                                    0x0800025c   Section        8  libspace.o(.text)
    .text                                    0x08000264   Section        2  use_no_semi.o(.text)
    .text                                    0x08000266   Section        0  indicate_semi.o(.text)
    .text                                    0x08000266   Section       74  sys_stackheap_outer.o(.text)
    .text                                    0x080002b0   Section        0  exit.o(.text)
    .text                                    0x080002c4   Section        0  sys_exit.o(.text)
    i.BusFault_Handler                       0x080002d0   Section        0  stm32f10x_it.o(i.BusFault_Handler)
    i.DebugMon_Handler                       0x080002d4   Section        0  stm32f10x_it.o(i.DebugMon_Handler)
    i.GPIO_Init                              0x080002d6   Section        0  stm32f10x_gpio.o(i.GPIO_Init)
    i.GPIO_ResetBits                         0x080003ec   Section        0  stm32f10x_gpio.o(i.GPIO_ResetBits)
    i.HardFault_Handler                      0x080003f0   Section        0  stm32f10x_it.o(i.HardFault_Handler)
    i.Hardware_Init                          0x080003f4   Section        0  main.o(i.Hardware_Init)
    i.IIC_Init                               0x08000414   Section        0  oled.o(i.IIC_Init)
    i.IIC_Send_Byte                          0x08000454   Section        0  oled.o(i.IIC_Send_Byte)
    i.IIC_Start                              0x080004c4   Section        0  oled.o(i.IIC_Start)
    i.IIC_Stop                               0x08000514   Section        0  oled.o(i.IIC_Stop)
    i.MemManage_Handler                      0x08000558   Section        0  stm32f10x_it.o(i.MemManage_Handler)
    i.NMI_Handler                            0x0800055c   Section        0  stm32f10x_it.o(i.NMI_Handler)
    i.NVIC_Init                              0x08000560   Section        0  misc.o(i.NVIC_Init)
    i.NVIC_PriorityGroupConfig               0x080005d0   Section        0  misc.o(i.NVIC_PriorityGroupConfig)
    i.OLED_CLS                               0x080005e4   Section        0  oled.o(i.OLED_CLS)
    i.OLED_Fill                              0x080005ee   Section        0  oled.o(i.OLED_Fill)
    i.OLED_Init                              0x08000628   Section        0  oled.o(i.OLED_Init)
    i.OLED_SetPos                            0x080006ce   Section        0  oled.o(i.OLED_SetPos)
    i.OLED_ShowMYCN                          0x080006f6   Section        0  oled.o(i.OLED_ShowMYCN)
    i.PWM_Init                               0x08000748   Section        0  pwm.o(i.PWM_Init)
    i.PendSV_Handler                         0x08000838   Section        0  stm32f10x_it.o(i.PendSV_Handler)
    i.RCC_APB1PeriphClockCmd                 0x0800083c   Section        0  stm32f10x_rcc.o(i.RCC_APB1PeriphClockCmd)
    i.RCC_APB1PeriphResetCmd                 0x0800085c   Section        0  stm32f10x_rcc.o(i.RCC_APB1PeriphResetCmd)
    i.RCC_APB2PeriphClockCmd                 0x0800087c   Section        0  stm32f10x_rcc.o(i.RCC_APB2PeriphClockCmd)
    i.RCC_APB2PeriphResetCmd                 0x0800089c   Section        0  stm32f10x_rcc.o(i.RCC_APB2PeriphResetCmd)
    i.RCC_GetClocksFreq                      0x080008bc   Section        0  stm32f10x_rcc.o(i.RCC_GetClocksFreq)
    i.Read_Ask                               0x08000990   Section        0  oled.o(i.Read_Ask)
    i.SVC_Handler                            0x080009dc   Section        0  stm32f10x_it.o(i.SVC_Handler)
    i.Serial_GetRxData                       0x080009e0   Section        0  asrpro_uart.o(i.Serial_GetRxData)
    i.Serial_GetRxFlag                       0x080009ec   Section        0  asrpro_uart.o(i.Serial_GetRxFlag)
    i.SetSysClock                            0x08000a08   Section        0  system_stm32f10x.o(i.SetSysClock)
    SetSysClock                              0x08000a09   Thumb Code     8  system_stm32f10x.o(i.SetSysClock)
    i.SetSysClockTo72                        0x08000a10   Section        0  system_stm32f10x.o(i.SetSysClockTo72)
    SetSysClockTo72                          0x08000a11   Thumb Code   214  system_stm32f10x.o(i.SetSysClockTo72)
    i.ShowNormal                             0x08000af0   Section        0  oled.o(i.ShowNormal)
    i.ShowSmartTrash                         0x08000b18   Section        0  oled.o(i.ShowSmartTrash)
    i.Show_Author                            0x08000b40   Section        0  oled.o(i.Show_Author)
    i.Show_chiyu                             0x08000b68   Section        0  oled.o(i.Show_chiyu)
    i.Show_kehuishou                         0x08000b90   Section        0  oled.o(i.Show_kehuishou)
    i.Show_qita                              0x08000bb8   Section        0  oled.o(i.Show_qita)
    i.Show_youhai                            0x08000be0   Section        0  oled.o(i.Show_youhai)
    i.SysTick_CLKSourceConfig                0x08000c08   Section        0  misc.o(i.SysTick_CLKSourceConfig)
    i.SysTick_Handler                        0x08000c30   Section        0  stm32f10x_it.o(i.SysTick_Handler)
    i.SysTick_Init                           0x08000c34   Section        0  systick.o(i.SysTick_Init)
    i.SysTick_JumpEdge                       0x08000cb4   Section        0  systick.o(i.SysTick_JumpEdge)
    i.SystemInit                             0x08000ccc   Section        0  system_stm32f10x.o(i.SystemInit)
    i.TIM2_IRQHandler                        0x08000d2c   Section        0  systick.o(i.TIM2_IRQHandler)
    i.TIM_ClearFlag                          0x08000ef8   Section        0  stm32f10x_tim.o(i.TIM_ClearFlag)
    i.TIM_ClearITPendingBit                  0x08000efe   Section        0  stm32f10x_tim.o(i.TIM_ClearITPendingBit)
    i.TIM_Cmd                                0x08000f04   Section        0  stm32f10x_tim.o(i.TIM_Cmd)
    i.TIM_DeInit                             0x08000f1c   Section        0  stm32f10x_tim.o(i.TIM_DeInit)
    i.TIM_ITConfig                           0x08001104   Section        0  stm32f10x_tim.o(i.TIM_ITConfig)
    i.TIM_OC1Init                            0x08001118   Section        0  stm32f10x_tim.o(i.TIM_OC1Init)
    i.TIM_OC1PreloadConfig                   0x080011b0   Section        0  stm32f10x_tim.o(i.TIM_OC1PreloadConfig)
    i.TIM_OC2Init                            0x080011c4   Section        0  stm32f10x_tim.o(i.TIM_OC2Init)
    i.TIM_OC2PreloadConfig                   0x08001268   Section        0  stm32f10x_tim.o(i.TIM_OC2PreloadConfig)
    i.TIM_OC3Init                            0x08001284   Section        0  stm32f10x_tim.o(i.TIM_OC3Init)
    i.TIM_OC3PreloadConfig                   0x08001324   Section        0  stm32f10x_tim.o(i.TIM_OC3PreloadConfig)
    i.TIM_OC4Init                            0x08001338   Section        0  stm32f10x_tim.o(i.TIM_OC4Init)
    i.TIM_OC4PreloadConfig                   0x080013b4   Section        0  stm32f10x_tim.o(i.TIM_OC4PreloadConfig)
    i.TIM_SetCompare1                        0x080013ce   Section        0  stm32f10x_tim.o(i.TIM_SetCompare1)
    i.TIM_SetCompare2                        0x080013d2   Section        0  stm32f10x_tim.o(i.TIM_SetCompare2)
    i.TIM_SetCompare3                        0x080013d6   Section        0  stm32f10x_tim.o(i.TIM_SetCompare3)
    i.TIM_SetCompare4                        0x080013da   Section        0  stm32f10x_tim.o(i.TIM_SetCompare4)
    i.TIM_TimeBaseInit                       0x080013e0   Section        0  stm32f10x_tim.o(i.TIM_TimeBaseInit)
    i.USART1_IRQHandler                      0x08001484   Section        0  asrpro_uart.o(i.USART1_IRQHandler)
    i.USART3_IRQHandler                      0x080014bc   Section        0  esp8266.o(i.USART3_IRQHandler)
    i.USART_ClearFlag                        0x08001508   Section        0  stm32f10x_usart.o(i.USART_ClearFlag)
    i.USART_ClearITPendingBit                0x0800151a   Section        0  stm32f10x_usart.o(i.USART_ClearITPendingBit)
    i.USART_Cmd                              0x08001538   Section        0  stm32f10x_usart.o(i.USART_Cmd)
    i.USART_DeInit                           0x08001550   Section        0  stm32f10x_usart.o(i.USART_DeInit)
    i.USART_GetITStatus                      0x080015ec   Section        0  stm32f10x_usart.o(i.USART_GetITStatus)
    i.USART_ITConfig                         0x08001640   Section        0  stm32f10x_usart.o(i.USART_ITConfig)
    i.USART_Init                             0x0800168c   Section        0  stm32f10x_usart.o(i.USART_Init)
    i.USART_ReceiveData                      0x08001764   Section        0  stm32f10x_usart.o(i.USART_ReceiveData)
    i.UsageFault_Handler                     0x0800176e   Section        0  stm32f10x_it.o(i.UsageFault_Handler)
    i.WriteCmd                               0x08001772   Section        0  oled.o(i.WriteCmd)
    i.WriteDat                               0x08001792   Section        0  oled.o(i.WriteDat)
    i.YuYin_Init                             0x080017b4   Section        0  asrpro_uart.o(i.YuYin_Init)
    i.delay_init                             0x08001868   Section        0  delay.o(i.delay_init)
    i.delay_ms                               0x080018ac   Section        0  delay.o(i.delay_ms)
    i.delay_us                               0x080018f8   Section        0  delay.o(i.delay_us)
    i.main                                   0x08001944   Section        0  main.o(i.main)
    .data                                    0x20000000   Section        4  systick.o(.data)
    .data                                    0x20000004   Section     1984  oled.o(.data)
    .data                                    0x200007c4   Section        2  asrpro_uart.o(.data)
    .data                                    0x200007c6   Section       20  stm32f10x_rcc.o(.data)
    APBAHBPrescTable                         0x200007c6   Data          16  stm32f10x_rcc.o(.data)
    ADCPrescTable                            0x200007d6   Data           4  stm32f10x_rcc.o(.data)
    .data                                    0x200007da   Section        4  delay.o(.data)
    fac_us                                   0x200007da   Data           1  delay.o(.data)
    fac_ms                                   0x200007dc   Data           2  delay.o(.data)
    .data                                    0x200007e0   Section       20  system_stm32f10x.o(.data)
    .data                                    0x200007f4   Section       34  main.o(.data)
    .data                                    0x20000816   Section        4  esp8266.o(.data)
    .bss                                     0x2000081c   Section       10  systick.o(.bss)
    .bss                                     0x20000826   Section      128  esp8266.o(.bss)
    .bss                                     0x200008a8   Section       96  libspace.o(.bss)
    HEAP                                     0x20000908   Section     3072  startup_stm32f10x_hd.o(HEAP)
    Heap_Mem                                 0x20000908   Data        3072  startup_stm32f10x_hd.o(HEAP)
    STACK                                    0x20001508   Section     4096  startup_stm32f10x_hd.o(STACK)
    Stack_Mem                                0x20001508   Data        4096  startup_stm32f10x_hd.o(STACK)
    __initial_sp                             0x20002508   Data           0  startup_stm32f10x_hd.o(STACK)

    Global Symbols

    Symbol Name                              Value     Ov Type        Size  Object(Section)

    BuildAttributes$$THM_ISAv4$P$D$K$B$S$PE$A:L22UL41UL21$X:L11$S22US41US21$IEEE1$IW$USESV6$~STKCKD$USESV7$~SHL$OTIME$ROPI$IEEEJ$EBA8$UX$STANDARDLIB$REQ8$PRES8$EABIv2 0x00000000   Number         0  anon$$obj.o ABSOLUTE
    __ARM_use_no_argv                        0x00000000   Number         0  main.o ABSOLUTE
    _printf_flags                            0x00000000   Number         0  printf_stubs.o ABSOLUTE
    _printf_return_value                     0x00000000   Number         0  printf_stubs.o ABSOLUTE
    _printf_sizespec                         0x00000000   Number         0  printf_stubs.o ABSOLUTE
    _printf_widthprec                        0x00000000   Number         0  printf_stubs.o ABSOLUTE
    __ARM_exceptions_init                     - Undefined Weak Reference
    __alloca_initialize                       - Undefined Weak Reference
    __arm_preinit_                            - Undefined Weak Reference
    __cpp_initialize__aeabi_                  - Undefined Weak Reference
    __cxa_finalize                            - Undefined Weak Reference
    __sigvec_lookup                           - Undefined Weak Reference
    __user_heap_extent                        - Undefined Weak Reference
    _atexit_init                              - Undefined Weak Reference
    _call_atexit_fns                          - Undefined Weak Reference
    _clock_init                               - Undefined Weak Reference
    _fp_trap_init                             - Undefined Weak Reference
    _fp_trap_shutdown                         - Undefined Weak Reference
    _get_lc_collate                           - Undefined Weak Reference
    _get_lc_monetary                          - Undefined Weak Reference
    _get_lc_time                              - Undefined Weak Reference
    _getenv_init                              - Undefined Weak Reference
    _handle_redirection                       - Undefined Weak Reference
    _initio                                   - Undefined Weak Reference
    _mutex_acquire                            - Undefined Weak Reference
    _mutex_free                               - Undefined Weak Reference
    _mutex_release                            - Undefined Weak Reference
    _printf_fp_hex                            - Undefined Weak Reference
    _printf_mbtowc                            - Undefined Weak Reference
    _printf_wc                                - Undefined Weak Reference
    _rand_init                                - Undefined Weak Reference
    _signal_finish                            - Undefined Weak Reference
    _signal_init                              - Undefined Weak Reference
    _terminateio                              - Undefined Weak Reference
    __Vectors_Size                           0x00000130   Number         0  startup_stm32f10x_hd.o ABSOLUTE
    __Vectors                                0x08000000   Data           4  startup_stm32f10x_hd.o(RESET)
    __Vectors_End                            0x08000130   Data           0  startup_stm32f10x_hd.o(RESET)
    __main                                   0x08000131   Thumb Code     8  __main.o(!!!main)
    __scatterload                            0x08000139   Thumb Code     0  __scatter.o(!!!scatter)
    __scatterload_rt2                        0x08000139   Thumb Code    44  __scatter.o(!!!scatter)
    __scatterload_rt2_thumb_only             0x08000139   Thumb Code     0  __scatter.o(!!!scatter)
    __scatterload_null                       0x08000147   Thumb Code     0  __scatter.o(!!!scatter)
    __decompress                             0x0800016d   Thumb Code   100  __dclz77c.o(!!dclz77c)
    __decompress2                            0x0800016d   Thumb Code     0  __dclz77c.o(!!dclz77c)
    __scatterload_zeroinit                   0x080001d1   Thumb Code    28  __scatter_zi.o(!!handler_zi)
    __rt_lib_init                            0x080001ed   Thumb Code     0  libinit.o(.ARM.Collect$$libinit$$00000000)
    __rt_lib_init_alloca_1                   0x080001ef   Thumb Code     0  libinit2.o(.ARM.Collect$$libinit$$0000002E)
    __rt_lib_init_argv_1                     0x080001ef   Thumb Code     0  libinit2.o(.ARM.Collect$$libinit$$0000002C)
    __rt_lib_init_atexit_1                   0x080001ef   Thumb Code     0  libinit2.o(.ARM.Collect$$libinit$$0000001B)
    __rt_lib_init_clock_1                    0x080001ef   Thumb Code     0  libinit2.o(.ARM.Collect$$libinit$$00000021)
    __rt_lib_init_cpp_1                      0x080001ef   Thumb Code     0  libinit2.o(.ARM.Collect$$libinit$$00000032)
    __rt_lib_init_exceptions_1               0x080001ef   Thumb Code     0  libinit2.o(.ARM.Collect$$libinit$$00000030)
    __rt_lib_init_fp_1                       0x080001ef   Thumb Code     0  libinit2.o(.ARM.Collect$$libinit$$00000002)
    __rt_lib_init_fp_trap_1                  0x080001ef   Thumb Code     0  libinit2.o(.ARM.Collect$$libinit$$0000001F)
    __rt_lib_init_getenv_1                   0x080001ef   Thumb Code     0  libinit2.o(.ARM.Collect$$libinit$$00000023)
    __rt_lib_init_heap_1                     0x080001ef   Thumb Code     0  libinit2.o(.ARM.Collect$$libinit$$0000000A)
    __rt_lib_init_lc_collate_1               0x080001ef   Thumb Code     0  libinit2.o(.ARM.Collect$$libinit$$00000011)
    __rt_lib_init_lc_ctype_1                 0x080001ef   Thumb Code     0  libinit2.o(.ARM.Collect$$libinit$$00000013)
    __rt_lib_init_lc_monetary_1              0x080001ef   Thumb Code     0  libinit2.o(.ARM.Collect$$libinit$$00000015)
    __rt_lib_init_lc_numeric_1               0x080001ef   Thumb Code     0  libinit2.o(.ARM.Collect$$libinit$$00000017)
    __rt_lib_init_lc_time_1                  0x080001ef   Thumb Code     0  libinit2.o(.ARM.Collect$$libinit$$00000019)
    __rt_lib_init_preinit_1                  0x080001ef   Thumb Code     0  libinit2.o(.ARM.Collect$$libinit$$00000004)
    __rt_lib_init_rand_1                     0x080001ef   Thumb Code     0  libinit2.o(.ARM.Collect$$libinit$$0000000E)
    __rt_lib_init_return                     0x080001ef   Thumb Code     0  libinit2.o(.ARM.Collect$$libinit$$00000033)
    __rt_lib_init_signal_1                   0x080001ef   Thumb Code     0  libinit2.o(.ARM.Collect$$libinit$$0000001D)
    __rt_lib_init_stdio_1                    0x080001ef   Thumb Code     0  libinit2.o(.ARM.Collect$$libinit$$00000025)
    __rt_lib_init_user_alloc_1               0x080001ef   Thumb Code     0  libinit2.o(.ARM.Collect$$libinit$$0000000C)
    __rt_lib_shutdown                        0x080001f1   Thumb Code     0  libshutdown.o(.ARM.Collect$$libshutdown$$00000000)
    __rt_lib_shutdown_cpp_1                  0x080001f3   Thumb Code     0  libshutdown2.o(.ARM.Collect$$libshutdown$$00000002)
    __rt_lib_shutdown_fp_trap_1              0x080001f3   Thumb Code     0  libshutdown2.o(.ARM.Collect$$libshutdown$$00000007)
    __rt_lib_shutdown_heap_1                 0x080001f3   Thumb Code     0  libshutdown2.o(.ARM.Collect$$libshutdown$$0000000F)
    __rt_lib_shutdown_return                 0x080001f3   Thumb Code     0  libshutdown2.o(.ARM.Collect$$libshutdown$$00000010)
    __rt_lib_shutdown_signal_1               0x080001f3   Thumb Code     0  libshutdown2.o(.ARM.Collect$$libshutdown$$0000000A)
    __rt_lib_shutdown_stdio_1                0x080001f3   Thumb Code     0  libshutdown2.o(.ARM.Collect$$libshutdown$$00000004)
    __rt_lib_shutdown_user_alloc_1           0x080001f3   Thumb Code     0  libshutdown2.o(.ARM.Collect$$libshutdown$$0000000C)
    __rt_entry                               0x080001f5   Thumb Code     0  __rtentry.o(.ARM.Collect$$rtentry$$00000000)
    __rt_entry_presh_1                       0x080001f5   Thumb Code     0  __rtentry2.o(.ARM.Collect$$rtentry$$00000002)
    __rt_entry_sh                            0x080001f5   Thumb Code     0  __rtentry4.o(.ARM.Collect$$rtentry$$00000004)
    __rt_entry_li                            0x080001fb   Thumb Code     0  __rtentry2.o(.ARM.Collect$$rtentry$$0000000A)
    __rt_entry_postsh_1                      0x080001fb   Thumb Code     0  __rtentry2.o(.ARM.Collect$$rtentry$$00000009)
    __rt_entry_main                          0x080001ff   Thumb Code     0  __rtentry2.o(.ARM.Collect$$rtentry$$0000000D)
    __rt_entry_postli_1                      0x080001ff   Thumb Code     0  __rtentry2.o(.ARM.Collect$$rtentry$$0000000C)
    __rt_exit                                0x08000207   Thumb Code     0  rtexit.o(.ARM.Collect$$rtexit$$00000000)
    __rt_exit_ls                             0x08000209   Thumb Code     0  rtexit2.o(.ARM.Collect$$rtexit$$00000003)
    __rt_exit_prels_1                        0x08000209   Thumb Code     0  rtexit2.o(.ARM.Collect$$rtexit$$00000002)
    __rt_exit_exit                           0x0800020d   Thumb Code     0  rtexit2.o(.ARM.Collect$$rtexit$$00000004)
    Reset_Handler                            0x08000215   Thumb Code     8  startup_stm32f10x_hd.o(.text)
    ADC1_2_IRQHandler                        0x0800022f   Thumb Code     0  startup_stm32f10x_hd.o(.text)
    ADC3_IRQHandler                          0x0800022f   Thumb Code     0  startup_stm32f10x_hd.o(.text)
    CAN1_RX1_IRQHandler                      0x0800022f   Thumb Code     0  startup_stm32f10x_hd.o(.text)
    CAN1_SCE_IRQHandler                      0x0800022f   Thumb Code     0  startup_stm32f10x_hd.o(.text)
    DMA1_Channel1_IRQHandler                 0x0800022f   Thumb Code     0  startup_stm32f10x_hd.o(.text)
    DMA1_Channel2_IRQHandler                 0x0800022f   Thumb Code     0  startup_stm32f10x_hd.o(.text)
    DMA1_Channel3_IRQHandler                 0x0800022f   Thumb Code     0  startup_stm32f10x_hd.o(.text)
    DMA1_Channel4_IRQHandler                 0x0800022f   Thumb Code     0  startup_stm32f10x_hd.o(.text)
    DMA1_Channel5_IRQHandler                 0x0800022f   Thumb Code     0  startup_stm32f10x_hd.o(.text)
    DMA1_Channel6_IRQHandler                 0x0800022f   Thumb Code     0  startup_stm32f10x_hd.o(.text)
    DMA1_Channel7_IRQHandler                 0x0800022f   Thumb Code     0  startup_stm32f10x_hd.o(.text)
    DMA2_Channel1_IRQHandler                 0x0800022f   Thumb Code     0  startup_stm32f10x_hd.o(.text)
    DMA2_Channel2_IRQHandler                 0x0800022f   Thumb Code     0  startup_stm32f10x_hd.o(.text)
    DMA2_Channel3_IRQHandler                 0x0800022f   Thumb Code     0  startup_stm32f10x_hd.o(.text)
    DMA2_Channel4_5_IRQHandler               0x0800022f   Thumb Code     0  startup_stm32f10x_hd.o(.text)
    EXTI0_IRQHandler                         0x0800022f   Thumb Code     0  startup_stm32f10x_hd.o(.text)
    EXTI15_10_IRQHandler                     0x0800022f   Thumb Code     0  startup_stm32f10x_hd.o(.text)
    EXTI1_IRQHandler                         0x0800022f   Thumb Code     0  startup_stm32f10x_hd.o(.text)
    EXTI2_IRQHandler                         0x0800022f   Thumb Code     0  startup_stm32f10x_hd.o(.text)
    EXTI3_IRQHandler                         0x0800022f   Thumb Code     0  startup_stm32f10x_hd.o(.text)
    EXTI4_IRQHandler                         0x0800022f   Thumb Code     0  startup_stm32f10x_hd.o(.text)
    EXTI9_5_IRQHandler                       0x0800022f   Thumb Code     0  startup_stm32f10x_hd.o(.text)
    FLASH_IRQHandler                         0x0800022f   Thumb Code     0  startup_stm32f10x_hd.o(.text)
    FSMC_IRQHandler                          0x0800022f   Thumb Code     0  startup_stm32f10x_hd.o(.text)
    I2C1_ER_IRQHandler                       0x0800022f   Thumb Code     0  startup_stm32f10x_hd.o(.text)
    I2C1_EV_IRQHandler                       0x0800022f   Thumb Code     0  startup_stm32f10x_hd.o(.text)
    I2C2_ER_IRQHandler                       0x0800022f   Thumb Code     0  startup_stm32f10x_hd.o(.text)
    I2C2_EV_IRQHandler                       0x0800022f   Thumb Code     0  startup_stm32f10x_hd.o(.text)
    PVD_IRQHandler                           0x0800022f   Thumb Code     0  startup_stm32f10x_hd.o(.text)
    RCC_IRQHandler                           0x0800022f   Thumb Code     0  startup_stm32f10x_hd.o(.text)
    RTCAlarm_IRQHandler                      0x0800022f   Thumb Code     0  startup_stm32f10x_hd.o(.text)
    RTC_IRQHandler                           0x0800022f   Thumb Code     0  startup_stm32f10x_hd.o(.text)
    SDIO_IRQHandler                          0x0800022f   Thumb Code     0  startup_stm32f10x_hd.o(.text)
    SPI1_IRQHandler                          0x0800022f   Thumb Code     0  startup_stm32f10x_hd.o(.text)
    SPI2_IRQHandler                          0x0800022f   Thumb Code     0  startup_stm32f10x_hd.o(.text)
    SPI3_IRQHandler                          0x0800022f   Thumb Code     0  startup_stm32f10x_hd.o(.text)
    TAMPER_IRQHandler                        0x0800022f   Thumb Code     0  startup_stm32f10x_hd.o(.text)
    TIM1_BRK_IRQHandler                      0x0800022f   Thumb Code     0  startup_stm32f10x_hd.o(.text)
    TIM1_CC_IRQHandler                       0x0800022f   Thumb Code     0  startup_stm32f10x_hd.o(.text)
    TIM1_TRG_COM_IRQHandler                  0x0800022f   Thumb Code     0  startup_stm32f10x_hd.o(.text)
    TIM1_UP_IRQHandler                       0x0800022f   Thumb Code     0  startup_stm32f10x_hd.o(.text)
    TIM3_IRQHandler                          0x0800022f   Thumb Code     0  startup_stm32f10x_hd.o(.text)
    TIM4_IRQHandler                          0x0800022f   Thumb Code     0  startup_stm32f10x_hd.o(.text)
    TIM5_IRQHandler                          0x0800022f   Thumb Code     0  startup_stm32f10x_hd.o(.text)
    TIM6_IRQHandler                          0x0800022f   Thumb Code     0  startup_stm32f10x_hd.o(.text)
    TIM7_IRQHandler                          0x0800022f   Thumb Code     0  startup_stm32f10x_hd.o(.text)
    TIM8_BRK_IRQHandler                      0x0800022f   Thumb Code     0  startup_stm32f10x_hd.o(.text)
    TIM8_CC_IRQHandler                       0x0800022f   Thumb Code     0  startup_stm32f10x_hd.o(.text)
    TIM8_TRG_COM_IRQHandler                  0x0800022f   Thumb Code     0  startup_stm32f10x_hd.o(.text)
    TIM8_UP_IRQHandler                       0x0800022f   Thumb Code     0  startup_stm32f10x_hd.o(.text)
    UART4_IRQHandler                         0x0800022f   Thumb Code     0  startup_stm32f10x_hd.o(.text)
    UART5_IRQHandler                         0x0800022f   Thumb Code     0  startup_stm32f10x_hd.o(.text)
    USART2_IRQHandler                        0x0800022f   Thumb Code     0  startup_stm32f10x_hd.o(.text)
    USBWakeUp_IRQHandler                     0x0800022f   Thumb Code     0  startup_stm32f10x_hd.o(.text)
    USB_HP_CAN1_TX_IRQHandler                0x0800022f   Thumb Code     0  startup_stm32f10x_hd.o(.text)
    USB_LP_CAN1_RX0_IRQHandler               0x0800022f   Thumb Code     0  startup_stm32f10x_hd.o(.text)
    WWDG_IRQHandler                          0x0800022f   Thumb Code     0  startup_stm32f10x_hd.o(.text)
    __user_initial_stackheap                 0x08000231   Thumb Code     0  startup_stm32f10x_hd.o(.text)
    __use_two_region_memory                  0x08000255   Thumb Code     2  heapauxi.o(.text)
    __rt_heap_escrow                         0x08000257   Thumb Code     2  heapauxi.o(.text)
    __rt_heap_expand                         0x08000259   Thumb Code     2  heapauxi.o(.text)
    __user_libspace                          0x0800025d   Thumb Code     8  libspace.o(.text)
    __user_perproc_libspace                  0x0800025d   Thumb Code     0  libspace.o(.text)
    __user_perthread_libspace                0x0800025d   Thumb Code     0  libspace.o(.text)
    __I$use$semihosting                      0x08000265   Thumb Code     0  use_no_semi.o(.text)
    __use_no_semihosting_swi                 0x08000265   Thumb Code     2  use_no_semi.o(.text)
    __semihosting_library_function           0x08000267   Thumb Code     0  indicate_semi.o(.text)
    __user_setup_stackheap                   0x08000267   Thumb Code    74  sys_stackheap_outer.o(.text)
    exit                                     0x080002b1   Thumb Code    18  exit.o(.text)
    _sys_exit                                0x080002c5   Thumb Code     8  sys_exit.o(.text)
    BusFault_Handler                         0x080002d1   Thumb Code     4  stm32f10x_it.o(i.BusFault_Handler)
    DebugMon_Handler                         0x080002d5   Thumb Code     2  stm32f10x_it.o(i.DebugMon_Handler)
    GPIO_Init                                0x080002d7   Thumb Code   278  stm32f10x_gpio.o(i.GPIO_Init)
    GPIO_ResetBits                           0x080003ed   Thumb Code     4  stm32f10x_gpio.o(i.GPIO_ResetBits)
    HardFault_Handler                        0x080003f1   Thumb Code     4  stm32f10x_it.o(i.HardFault_Handler)
    Hardware_Init                            0x080003f5   Thumb Code    32  main.o(i.Hardware_Init)
    IIC_Init                                 0x08000415   Thumb Code    52  oled.o(i.IIC_Init)
    IIC_Send_Byte                            0x08000455   Thumb Code   108  oled.o(i.IIC_Send_Byte)
    IIC_Start                                0x080004c5   Thumb Code    76  oled.o(i.IIC_Start)
    IIC_Stop                                 0x08000515   Thumb Code    64  oled.o(i.IIC_Stop)
    MemManage_Handler                        0x08000559   Thumb Code     4  stm32f10x_it.o(i.MemManage_Handler)
    NMI_Handler                              0x0800055d   Thumb Code     2  stm32f10x_it.o(i.NMI_Handler)
    NVIC_Init                                0x08000561   Thumb Code   100  misc.o(i.NVIC_Init)
    NVIC_PriorityGroupConfig                 0x080005d1   Thumb Code    10  misc.o(i.NVIC_PriorityGroupConfig)
    OLED_CLS                                 0x080005e5   Thumb Code    10  oled.o(i.OLED_CLS)
    OLED_Fill                                0x080005ef   Thumb Code    58  oled.o(i.OLED_Fill)
    OLED_Init                                0x08000629   Thumb Code   166  oled.o(i.OLED_Init)
    OLED_SetPos                              0x080006cf   Thumb Code    40  oled.o(i.OLED_SetPos)
    OLED_ShowMYCN                            0x080006f7   Thumb Code    80  oled.o(i.OLED_ShowMYCN)
    PWM_Init                                 0x08000749   Thumb Code   232  pwm.o(i.PWM_Init)
    PendSV_Handler                           0x08000839   Thumb Code     2  stm32f10x_it.o(i.PendSV_Handler)
    RCC_APB1PeriphClockCmd                   0x0800083d   Thumb Code    26  stm32f10x_rcc.o(i.RCC_APB1PeriphClockCmd)
    RCC_APB1PeriphResetCmd                   0x0800085d   Thumb Code    26  stm32f10x_rcc.o(i.RCC_APB1PeriphResetCmd)
    RCC_APB2PeriphClockCmd                   0x0800087d   Thumb Code    26  stm32f10x_rcc.o(i.RCC_APB2PeriphClockCmd)
    RCC_APB2PeriphResetCmd                   0x0800089d   Thumb Code    26  stm32f10x_rcc.o(i.RCC_APB2PeriphResetCmd)
    RCC_GetClocksFreq                        0x080008bd   Thumb Code   192  stm32f10x_rcc.o(i.RCC_GetClocksFreq)
    Read_Ask                                 0x08000991   Thumb Code    70  oled.o(i.Read_Ask)
    SVC_Handler                              0x080009dd   Thumb Code     2  stm32f10x_it.o(i.SVC_Handler)
    Serial_GetRxData                         0x080009e1   Thumb Code     6  asrpro_uart.o(i.Serial_GetRxData)
    Serial_GetRxFlag                         0x080009ed   Thumb Code    22  asrpro_uart.o(i.Serial_GetRxFlag)
    ShowNormal                               0x08000af1   Thumb Code    34  oled.o(i.ShowNormal)
    ShowSmartTrash                           0x08000b19   Thumb Code    34  oled.o(i.ShowSmartTrash)
    Show_Author                              0x08000b41   Thumb Code    34  oled.o(i.Show_Author)
    Show_chiyu                               0x08000b69   Thumb Code    34  oled.o(i.Show_chiyu)
    Show_kehuishou                           0x08000b91   Thumb Code    34  oled.o(i.Show_kehuishou)
    Show_qita                                0x08000bb9   Thumb Code    34  oled.o(i.Show_qita)
    Show_youhai                              0x08000be1   Thumb Code    34  oled.o(i.Show_youhai)
    SysTick_CLKSourceConfig                  0x08000c09   Thumb Code    40  misc.o(i.SysTick_CLKSourceConfig)
    SysTick_Handler                          0x08000c31   Thumb Code     2  stm32f10x_it.o(i.SysTick_Handler)
    SysTick_Init                             0x08000c35   Thumb Code   122  systick.o(i.SysTick_Init)
    SysTick_JumpEdge                         0x08000cb5   Thumb Code    22  systick.o(i.SysTick_JumpEdge)
    SystemInit                               0x08000ccd   Thumb Code    78  system_stm32f10x.o(i.SystemInit)
    TIM2_IRQHandler                          0x08000d2d   Thumb Code   452  systick.o(i.TIM2_IRQHandler)
    TIM_ClearFlag                            0x08000ef9   Thumb Code     6  stm32f10x_tim.o(i.TIM_ClearFlag)
    TIM_ClearITPendingBit                    0x08000eff   Thumb Code     6  stm32f10x_tim.o(i.TIM_ClearITPendingBit)
    TIM_Cmd                                  0x08000f05   Thumb Code    24  stm32f10x_tim.o(i.TIM_Cmd)
    TIM_DeInit                               0x08000f1d   Thumb Code   424  stm32f10x_tim.o(i.TIM_DeInit)
    TIM_ITConfig                             0x08001105   Thumb Code    18  stm32f10x_tim.o(i.TIM_ITConfig)
    TIM_OC1Init                              0x08001119   Thumb Code   132  stm32f10x_tim.o(i.TIM_OC1Init)
    TIM_OC1PreloadConfig                     0x080011b1   Thumb Code    18  stm32f10x_tim.o(i.TIM_OC1PreloadConfig)
    TIM_OC2Init                              0x080011c5   Thumb Code   154  stm32f10x_tim.o(i.TIM_OC2Init)
    TIM_OC2PreloadConfig                     0x08001269   Thumb Code    26  stm32f10x_tim.o(i.TIM_OC2PreloadConfig)
    TIM_OC3Init                              0x08001285   Thumb Code   150  stm32f10x_tim.o(i.TIM_OC3Init)
    TIM_OC3PreloadConfig                     0x08001325   Thumb Code    18  stm32f10x_tim.o(i.TIM_OC3PreloadConfig)
    TIM_OC4Init                              0x08001339   Thumb Code   114  stm32f10x_tim.o(i.TIM_OC4Init)
    TIM_OC4PreloadConfig                     0x080013b5   Thumb Code    26  stm32f10x_tim.o(i.TIM_OC4PreloadConfig)
    TIM_SetCompare1                          0x080013cf   Thumb Code     4  stm32f10x_tim.o(i.TIM_SetCompare1)
    TIM_SetCompare2                          0x080013d3   Thumb Code     4  stm32f10x_tim.o(i.TIM_SetCompare2)
    TIM_SetCompare3                          0x080013d7   Thumb Code     4  stm32f10x_tim.o(i.TIM_SetCompare3)
    TIM_SetCompare4                          0x080013db   Thumb Code     6  stm32f10x_tim.o(i.TIM_SetCompare4)
    TIM_TimeBaseInit                         0x080013e1   Thumb Code   122  stm32f10x_tim.o(i.TIM_TimeBaseInit)
    USART1_IRQHandler                        0x08001485   Thumb Code    44  asrpro_uart.o(i.USART1_IRQHandler)
    USART3_IRQHandler                        0x080014bd   Thumb Code    62  esp8266.o(i.USART3_IRQHandler)
    USART_ClearFlag                          0x08001509   Thumb Code    18  stm32f10x_usart.o(i.USART_ClearFlag)
    USART_ClearITPendingBit                  0x0800151b   Thumb Code    30  stm32f10x_usart.o(i.USART_ClearITPendingBit)
    USART_Cmd                                0x08001539   Thumb Code    24  stm32f10x_usart.o(i.USART_Cmd)
    USART_DeInit                             0x08001551   Thumb Code   134  stm32f10x_usart.o(i.USART_DeInit)
    USART_GetITStatus                        0x080015ed   Thumb Code    84  stm32f10x_usart.o(i.USART_GetITStatus)
    USART_ITConfig                           0x08001641   Thumb Code    74  stm32f10x_usart.o(i.USART_ITConfig)
    USART_Init                               0x0800168d   Thumb Code   210  stm32f10x_usart.o(i.USART_Init)
    USART_ReceiveData                        0x08001765   Thumb Code    10  stm32f10x_usart.o(i.USART_ReceiveData)
    UsageFault_Handler                       0x0800176f   Thumb Code     4  stm32f10x_it.o(i.UsageFault_Handler)
    WriteCmd                                 0x08001773   Thumb Code    32  oled.o(i.WriteCmd)
    WriteDat                                 0x08001793   Thumb Code    32  oled.o(i.WriteDat)
    YuYin_Init                               0x080017b5   Thumb Code   170  asrpro_uart.o(i.YuYin_Init)
    delay_init                               0x08001869   Thumb Code    50  delay.o(i.delay_init)
    delay_ms                                 0x080018ad   Thumb Code    72  delay.o(i.delay_ms)
    delay_us                                 0x080018f9   Thumb Code    72  delay.o(i.delay_us)
    main                                     0x08001945   Thumb Code   386  main.o(i.main)
    Region$$Table$$Base                      0x08001ae8   Number         0  anon$$obj.o(Region$$Table)
    Region$$Table$$Limit                     0x08001b08   Number         0  anon$$obj.o(Region$$Table)
    SysTickTime                              0x20000000   Data           4  systick.o(.data)
    F16x16                                   0x20000004   Data         160  oled.o(.data)
    CurStatusSomeBody16x16                   0x200000a4   Data         256  oled.o(.data)
    CurStatusNoBody16x16                     0x200001a4   Data         256  oled.o(.data)
    Normal16x16                              0x200002a4   Data         128  oled.o(.data)
    Danger16x16                              0x20000324   Data          96  oled.o(.data)
    temperature16x16                         0x20000384   Data          96  oled.o(.data)
    smoke16x16                               0x200003e4   Data          64  oled.o(.data)
    smartTrash16x16                          0x20000424   Data         160  oled.o(.data)
    Chinese_author16X16                      0x200004c4   Data         192  oled.o(.data)
    Chinese_du16X16                          0x20000584   Data          32  oled.o(.data)
    Chinese_hump16X16                        0x200005a4   Data          32  oled.o(.data)
    youhailaji16x16                          0x200005c4   Data         128  oled.o(.data)
    qitalaji16X16                            0x20000644   Data         128  oled.o(.data)
    kehuishouwu16X16                         0x200006c4   Data         128  oled.o(.data)
    chiyulaji16X16                           0x20000744   Data         128  oled.o(.data)
    YuYin_RX_CMD                             0x200007c4   Data           1  asrpro_uart.o(.data)
    YuYin_RX_STA                             0x200007c5   Data           1  asrpro_uart.o(.data)
    SystemCoreClock                          0x200007e0   Data           4  system_stm32f10x.o(.data)
    AHBPrescTable                            0x200007e4   Data          16  system_stm32f10x.o(.data)
    T                                        0x200007f4   Data           5  main.o(.data)
    H                                        0x200007f9   Data           5  main.o(.data)
    temperature                              0x200007fe   Data           2  main.o(.data)
    humidity                                 0x20000800   Data           2  main.o(.data)
    ret                                      0x20000802   Data           1  main.o(.data)
    timeCount                                0x20000804   Data           2  main.o(.data)
    dataPtr                                  0x20000808   Data           4  main.o(.data)
    flag                                     0x2000080c   Data           2  main.o(.data)
    Target1                                  0x2000080e   Data           1  main.o(.data)
    Target2                                  0x2000080f   Data           1  main.o(.data)
    Target3                                  0x20000810   Data           1  main.o(.data)
    Target4                                  0x20000811   Data           1  main.o(.data)
    all_staus                                0x20000812   Data           1  main.o(.data)
    Open_JumpEdge                            0x20000813   Data           1  main.o(.data)
    WakeUp_Flag                              0x20000814   Data           1  main.o(.data)
    action                                   0x20000815   Data           1  main.o(.data)
    esp8266_cnt                              0x20000816   Data           2  esp8266.o(.data)
    esp8266_cntPre                           0x20000818   Data           2  esp8266.o(.data)
    SysTickBit                               0x2000081c   Data          10  systick.o(.bss)
    esp8266_buf                              0x20000826   Data         128  esp8266.o(.bss)
    __libspace_start                         0x200008a8   Data          96  libspace.o(.bss)
    __temporary_stack_top$libspace           0x20000908   Data           0  libspace.o(.bss)



==============================================================================

Memory Map of the image

  Image Entry point : 0x08000131

  Load Region LR_IROM1 (Base: 0x08000000, Size: 0x00002324, Max: 0x00010000, ABSOLUTE, COMPRESSED[0x00001fc0])

    Execution Region ER_IROM1 (Exec base: 0x08000000, Load base: 0x08000000, Size: 0x00001b08, Max: 0x00010000, ABSOLUTE)

    Exec Addr    Load Addr    Size         Type   Attr      Idx    E Section Name        Object

    0x08000000   0x08000000   0x00000130   Data   RO           19    RESET               startup_stm32f10x_hd.o
    0x08000130   0x08000130   0x00000008   Code   RO         3991  * !!!main             c_w.l(__main.o)
    0x08000138   0x08000138   0x00000034   Code   RO         4327    !!!scatter          c_w.l(__scatter.o)
    0x0800016c   0x0800016c   0x00000064   Code   RO         4325    !!dclz77c           c_w.l(__dclz77c.o)
    0x080001d0   0x080001d0   0x0000001c   Code   RO         4329    !!handler_zi        c_w.l(__scatter_zi.o)
    0x080001ec   0x080001ec   0x00000002   Code   RO         4254    .ARM.Collect$$libinit$$00000000  c_w.l(libinit.o)
    0x080001ee   0x080001ee   0x00000000   Code   RO         4096    .ARM.Collect$$libinit$$00000002  c_w.l(libinit2.o)
    0x080001ee   0x080001ee   0x00000000   Code   RO         4098    .ARM.Collect$$libinit$$00000004  c_w.l(libinit2.o)
    0x080001ee   0x080001ee   0x00000000   Code   RO         4101    .ARM.Collect$$libinit$$0000000A  c_w.l(libinit2.o)
    0x080001ee   0x080001ee   0x00000000   Code   RO         4103    .ARM.Collect$$libinit$$0000000C  c_w.l(libinit2.o)
    0x080001ee   0x080001ee   0x00000000   Code   RO         4105    .ARM.Collect$$libinit$$0000000E  c_w.l(libinit2.o)
    0x080001ee   0x080001ee   0x00000000   Code   RO         4108    .ARM.Collect$$libinit$$00000011  c_w.l(libinit2.o)
    0x080001ee   0x080001ee   0x00000000   Code   RO         4110    .ARM.Collect$$libinit$$00000013  c_w.l(libinit2.o)
    0x080001ee   0x080001ee   0x00000000   Code   RO         4112    .ARM.Collect$$libinit$$00000015  c_w.l(libinit2.o)
    0x080001ee   0x080001ee   0x00000000   Code   RO         4114    .ARM.Collect$$libinit$$00000017  c_w.l(libinit2.o)
    0x080001ee   0x080001ee   0x00000000   Code   RO         4116    .ARM.Collect$$libinit$$00000019  c_w.l(libinit2.o)
    0x080001ee   0x080001ee   0x00000000   Code   RO         4118    .ARM.Collect$$libinit$$0000001B  c_w.l(libinit2.o)
    0x080001ee   0x080001ee   0x00000000   Code   RO         4120    .ARM.Collect$$libinit$$0000001D  c_w.l(libinit2.o)
    0x080001ee   0x080001ee   0x00000000   Code   RO         4122    .ARM.Collect$$libinit$$0000001F  c_w.l(libinit2.o)
    0x080001ee   0x080001ee   0x00000000   Code   RO         4124    .ARM.Collect$$libinit$$00000021  c_w.l(libinit2.o)
    0x080001ee   0x080001ee   0x00000000   Code   RO         4126    .ARM.Collect$$libinit$$00000023  c_w.l(libinit2.o)
    0x080001ee   0x080001ee   0x00000000   Code   RO         4128    .ARM.Collect$$libinit$$00000025  c_w.l(libinit2.o)
    0x080001ee   0x080001ee   0x00000000   Code   RO         4132    .ARM.Collect$$libinit$$0000002C  c_w.l(libinit2.o)
    0x080001ee   0x080001ee   0x00000000   Code   RO         4134    .ARM.Collect$$libinit$$0000002E  c_w.l(libinit2.o)
    0x080001ee   0x080001ee   0x00000000   Code   RO         4136    .ARM.Collect$$libinit$$00000030  c_w.l(libinit2.o)
    0x080001ee   0x080001ee   0x00000000   Code   RO         4138    .ARM.Collect$$libinit$$00000032  c_w.l(libinit2.o)
    0x080001ee   0x080001ee   0x00000002   Code   RO         4139    .ARM.Collect$$libinit$$00000033  c_w.l(libinit2.o)
    0x080001f0   0x080001f0   0x00000002   Code   RO         4322    .ARM.Collect$$libshutdown$$00000000  c_w.l(libshutdown.o)
    0x080001f2   0x080001f2   0x00000000   Code   RO         4278    .ARM.Collect$$libshutdown$$00000002  c_w.l(libshutdown2.o)
    0x080001f2   0x080001f2   0x00000000   Code   RO         4280    .ARM.Collect$$libshutdown$$00000004  c_w.l(libshutdown2.o)
    0x080001f2   0x080001f2   0x00000000   Code   RO         4283    .ARM.Collect$$libshutdown$$00000007  c_w.l(libshutdown2.o)
    0x080001f2   0x080001f2   0x00000000   Code   RO         4286    .ARM.Collect$$libshutdown$$0000000A  c_w.l(libshutdown2.o)
    0x080001f2   0x080001f2   0x00000000   Code   RO         4288    .ARM.Collect$$libshutdown$$0000000C  c_w.l(libshutdown2.o)
    0x080001f2   0x080001f2   0x00000000   Code   RO         4291    .ARM.Collect$$libshutdown$$0000000F  c_w.l(libshutdown2.o)
    0x080001f2   0x080001f2   0x00000002   Code   RO         4292    .ARM.Collect$$libshutdown$$00000010  c_w.l(libshutdown2.o)
    0x080001f4   0x080001f4   0x00000000   Code   RO         3995    .ARM.Collect$$rtentry$$00000000  c_w.l(__rtentry.o)
    0x080001f4   0x080001f4   0x00000000   Code   RO         4148    .ARM.Collect$$rtentry$$00000002  c_w.l(__rtentry2.o)
    0x080001f4   0x080001f4   0x00000006   Code   RO         4160    .ARM.Collect$$rtentry$$00000004  c_w.l(__rtentry4.o)
    0x080001fa   0x080001fa   0x00000000   Code   RO         4150    .ARM.Collect$$rtentry$$00000009  c_w.l(__rtentry2.o)
    0x080001fa   0x080001fa   0x00000004   Code   RO         4151    .ARM.Collect$$rtentry$$0000000A  c_w.l(__rtentry2.o)
    0x080001fe   0x080001fe   0x00000000   Code   RO         4153    .ARM.Collect$$rtentry$$0000000C  c_w.l(__rtentry2.o)
    0x080001fe   0x080001fe   0x00000008   Code   RO         4154    .ARM.Collect$$rtentry$$0000000D  c_w.l(__rtentry2.o)
    0x08000206   0x08000206   0x00000002   Code   RO         4262    .ARM.Collect$$rtexit$$00000000  c_w.l(rtexit.o)
    0x08000208   0x08000208   0x00000000   Code   RO         4296    .ARM.Collect$$rtexit$$00000002  c_w.l(rtexit2.o)
    0x08000208   0x08000208   0x00000004   Code   RO         4297    .ARM.Collect$$rtexit$$00000003  c_w.l(rtexit2.o)
    0x0800020c   0x0800020c   0x00000006   Code   RO         4298    .ARM.Collect$$rtexit$$00000004  c_w.l(rtexit2.o)
    0x08000212   0x08000212   0x00000002   PAD
    0x08000214   0x08000214   0x00000040   Code   RO           20    .text               startup_stm32f10x_hd.o
    0x08000254   0x08000254   0x00000006   Code   RO         3989    .text               c_w.l(heapauxi.o)
    0x0800025a   0x0800025a   0x00000002   PAD
    0x0800025c   0x0800025c   0x00000008   Code   RO         4144    .text               c_w.l(libspace.o)
    0x08000264   0x08000264   0x00000002   Code   RO         4193    .text               c_w.l(use_no_semi.o)
    0x08000266   0x08000266   0x00000000   Code   RO         4195    .text               c_w.l(indicate_semi.o)
    0x08000266   0x08000266   0x0000004a   Code   RO         4196    .text               c_w.l(sys_stackheap_outer.o)
    0x080002b0   0x080002b0   0x00000012   Code   RO         4239    .text               c_w.l(exit.o)
    0x080002c2   0x080002c2   0x00000002   PAD
    0x080002c4   0x080002c4   0x0000000c   Code   RO         4260    .text               c_w.l(sys_exit.o)
    0x080002d0   0x080002d0   0x00000004   Code   RO         3519    i.BusFault_Handler  stm32f10x_it.o
    0x080002d4   0x080002d4   0x00000002   Code   RO         3520    i.DebugMon_Handler  stm32f10x_it.o
    0x080002d6   0x080002d6   0x00000116   Code   RO         1595    i.GPIO_Init         stm32f10x_gpio.o
    0x080003ec   0x080003ec   0x00000004   Code   RO         1602    i.GPIO_ResetBits    stm32f10x_gpio.o
    0x080003f0   0x080003f0   0x00000004   Code   RO         3521    i.HardFault_Handler  stm32f10x_it.o
    0x080003f4   0x080003f4   0x00000020   Code   RO         3633    i.Hardware_Init     main.o
    0x08000414   0x08000414   0x00000040   Code   RO          165    i.IIC_Init          oled.o
    0x08000454   0x08000454   0x00000070   Code   RO          166    i.IIC_Send_Byte     oled.o
    0x080004c4   0x080004c4   0x00000050   Code   RO          167    i.IIC_Start         oled.o
    0x08000514   0x08000514   0x00000044   Code   RO          168    i.IIC_Stop          oled.o
    0x08000558   0x08000558   0x00000004   Code   RO         3522    i.MemManage_Handler  stm32f10x_it.o
    0x0800055c   0x0800055c   0x00000002   Code   RO         3523    i.NMI_Handler       stm32f10x_it.o
    0x0800055e   0x0800055e   0x00000002   PAD
    0x08000560   0x08000560   0x00000070   Code   RO          414    i.NVIC_Init         misc.o
    0x080005d0   0x080005d0   0x00000014   Code   RO          415    i.NVIC_PriorityGroupConfig  misc.o
    0x080005e4   0x080005e4   0x0000000a   Code   RO          169    i.OLED_CLS          oled.o
    0x080005ee   0x080005ee   0x0000003a   Code   RO          171    i.OLED_Fill         oled.o
    0x08000628   0x08000628   0x000000a6   Code   RO          172    i.OLED_Init         oled.o
    0x080006ce   0x080006ce   0x00000028   Code   RO          175    i.OLED_SetPos       oled.o
    0x080006f6   0x080006f6   0x00000050   Code   RO          177    i.OLED_ShowMYCN     oled.o
    0x08000746   0x08000746   0x00000002   PAD
    0x08000748   0x08000748   0x000000f0   Code   RO           24    i.PWM_Init          pwm.o
    0x08000838   0x08000838   0x00000002   Code   RO         3524    i.PendSV_Handler    stm32f10x_it.o
    0x0800083a   0x0800083a   0x00000002   PAD
    0x0800083c   0x0800083c   0x00000020   Code   RO         2020    i.RCC_APB1PeriphClockCmd  stm32f10x_rcc.o
    0x0800085c   0x0800085c   0x00000020   Code   RO         2021    i.RCC_APB1PeriphResetCmd  stm32f10x_rcc.o
    0x0800087c   0x0800087c   0x00000020   Code   RO         2022    i.RCC_APB2PeriphClockCmd  stm32f10x_rcc.o
    0x0800089c   0x0800089c   0x00000020   Code   RO         2023    i.RCC_APB2PeriphResetCmd  stm32f10x_rcc.o
    0x080008bc   0x080008bc   0x000000d4   Code   RO         2030    i.RCC_GetClocksFreq  stm32f10x_rcc.o
    0x08000990   0x08000990   0x0000004c   Code   RO          179    i.Read_Ask          oled.o
    0x080009dc   0x080009dc   0x00000002   Code   RO         3525    i.SVC_Handler       stm32f10x_it.o
    0x080009de   0x080009de   0x00000002   PAD
    0x080009e0   0x080009e0   0x0000000c   Code   RO          374    i.Serial_GetRxData  asrpro_uart.o
    0x080009ec   0x080009ec   0x0000001c   Code   RO          375    i.Serial_GetRxFlag  asrpro_uart.o
    0x08000a08   0x08000a08   0x00000008   Code   RO         3599    i.SetSysClock       system_stm32f10x.o
    0x08000a10   0x08000a10   0x000000e0   Code   RO         3600    i.SetSysClockTo72   system_stm32f10x.o
    0x08000af0   0x08000af0   0x00000028   Code   RO          184    i.ShowNormal        oled.o
    0x08000b18   0x08000b18   0x00000028   Code   RO          185    i.ShowSmartTrash    oled.o
    0x08000b40   0x08000b40   0x00000028   Code   RO          189    i.Show_Author       oled.o
    0x08000b68   0x08000b68   0x00000028   Code   RO          190    i.Show_chiyu        oled.o
    0x08000b90   0x08000b90   0x00000028   Code   RO          191    i.Show_kehuishou    oled.o
    0x08000bb8   0x08000bb8   0x00000028   Code   RO          192    i.Show_qita         oled.o
    0x08000be0   0x08000be0   0x00000028   Code   RO          193    i.Show_youhai       oled.o
    0x08000c08   0x08000c08   0x00000028   Code   RO          418    i.SysTick_CLKSourceConfig  misc.o
    0x08000c30   0x08000c30   0x00000002   Code   RO         3526    i.SysTick_Handler   stm32f10x_it.o
    0x08000c32   0x08000c32   0x00000002   PAD
    0x08000c34   0x08000c34   0x00000080   Code   RO          131    i.SysTick_Init      systick.o
    0x08000cb4   0x08000cb4   0x00000016   Code   RO          132    i.SysTick_JumpEdge  systick.o
    0x08000cca   0x08000cca   0x00000002   PAD
    0x08000ccc   0x08000ccc   0x00000060   Code   RO         3602    i.SystemInit        system_stm32f10x.o
    0x08000d2c   0x08000d2c   0x000001cc   Code   RO          133    i.TIM2_IRQHandler   systick.o
    0x08000ef8   0x08000ef8   0x00000006   Code   RO         2657    i.TIM_ClearFlag     stm32f10x_tim.o
    0x08000efe   0x08000efe   0x00000006   Code   RO         2658    i.TIM_ClearITPendingBit  stm32f10x_tim.o
    0x08000f04   0x08000f04   0x00000018   Code   RO         2663    i.TIM_Cmd           stm32f10x_tim.o
    0x08000f1c   0x08000f1c   0x000001e8   Code   RO         2668    i.TIM_DeInit        stm32f10x_tim.o
    0x08001104   0x08001104   0x00000012   Code   RO         2688    i.TIM_ITConfig      stm32f10x_tim.o
    0x08001116   0x08001116   0x00000002   PAD
    0x08001118   0x08001118   0x00000098   Code   RO         2692    i.TIM_OC1Init       stm32f10x_tim.o
    0x080011b0   0x080011b0   0x00000012   Code   RO         2695    i.TIM_OC1PreloadConfig  stm32f10x_tim.o
    0x080011c2   0x080011c2   0x00000002   PAD
    0x080011c4   0x080011c4   0x000000a4   Code   RO         2697    i.TIM_OC2Init       stm32f10x_tim.o
    0x08001268   0x08001268   0x0000001a   Code   RO         2700    i.TIM_OC2PreloadConfig  stm32f10x_tim.o
    0x08001282   0x08001282   0x00000002   PAD
    0x08001284   0x08001284   0x000000a0   Code   RO         2702    i.TIM_OC3Init       stm32f10x_tim.o
    0x08001324   0x08001324   0x00000012   Code   RO         2705    i.TIM_OC3PreloadConfig  stm32f10x_tim.o
    0x08001336   0x08001336   0x00000002   PAD
    0x08001338   0x08001338   0x0000007c   Code   RO         2707    i.TIM_OC4Init       stm32f10x_tim.o
    0x080013b4   0x080013b4   0x0000001a   Code   RO         2709    i.TIM_OC4PreloadConfig  stm32f10x_tim.o
    0x080013ce   0x080013ce   0x00000004   Code   RO         2724    i.TIM_SetCompare1   stm32f10x_tim.o
    0x080013d2   0x080013d2   0x00000004   Code   RO         2725    i.TIM_SetCompare2   stm32f10x_tim.o
    0x080013d6   0x080013d6   0x00000004   Code   RO         2726    i.TIM_SetCompare3   stm32f10x_tim.o
    0x080013da   0x080013da   0x00000006   Code   RO         2727    i.TIM_SetCompare4   stm32f10x_tim.o
    0x080013e0   0x080013e0   0x000000a4   Code   RO         2734    i.TIM_TimeBaseInit  stm32f10x_tim.o
    0x08001484   0x08001484   0x00000038   Code   RO          376    i.USART1_IRQHandler  asrpro_uart.o
    0x080014bc   0x080014bc   0x0000004c   Code   RO         3683    i.USART3_IRQHandler  esp8266.o
    0x08001508   0x08001508   0x00000012   Code   RO         3195    i.USART_ClearFlag   stm32f10x_usart.o
    0x0800151a   0x0800151a   0x0000001e   Code   RO         3196    i.USART_ClearITPendingBit  stm32f10x_usart.o
    0x08001538   0x08001538   0x00000018   Code   RO         3199    i.USART_Cmd         stm32f10x_usart.o
    0x08001550   0x08001550   0x0000009c   Code   RO         3201    i.USART_DeInit      stm32f10x_usart.o
    0x080015ec   0x080015ec   0x00000054   Code   RO         3203    i.USART_GetITStatus  stm32f10x_usart.o
    0x08001640   0x08001640   0x0000004a   Code   RO         3205    i.USART_ITConfig    stm32f10x_usart.o
    0x0800168a   0x0800168a   0x00000002   PAD
    0x0800168c   0x0800168c   0x000000d8   Code   RO         3206    i.USART_Init        stm32f10x_usart.o
    0x08001764   0x08001764   0x0000000a   Code   RO         3213    i.USART_ReceiveData  stm32f10x_usart.o
    0x0800176e   0x0800176e   0x00000004   Code   RO         3527    i.UsageFault_Handler  stm32f10x_it.o
    0x08001772   0x08001772   0x00000020   Code   RO          195    i.WriteCmd          oled.o
    0x08001792   0x08001792   0x00000020   Code   RO          196    i.WriteDat          oled.o
    0x080017b2   0x080017b2   0x00000002   PAD
    0x080017b4   0x080017b4   0x000000b4   Code   RO          377    i.YuYin_Init        asrpro_uart.o
    0x08001868   0x08001868   0x00000044   Code   RO         3433    i.delay_init        delay.o
    0x080018ac   0x080018ac   0x0000004c   Code   RO         3434    i.delay_ms          delay.o
    0x080018f8   0x080018f8   0x0000004c   Code   RO         3436    i.delay_us          delay.o
    0x08001944   0x08001944   0x000001a4   Code   RO         3634    i.main              main.o
    0x08001ae8   0x08001ae8   0x00000020   Data   RO         4323    Region$$Table       anon$$obj.o


    Execution Region RW_IRAM1 (Exec base: 0x20000000, Load base: 0x08001b08, Size: 0x00002508, Max: 0x00005000, ABSOLUTE, COMPRESSED[0x000004b8])

    Exec Addr    Load Addr    Size         Type   Attr      Idx    E Section Name        Object

    0x20000000   COMPRESSED   0x00000004   Data   RW          135    .data               systick.o
    0x20000004   COMPRESSED   0x000007c0   Data   RW          198    .data               oled.o
    0x200007c4   COMPRESSED   0x00000002   Data   RW          378    .data               asrpro_uart.o
    0x200007c6   COMPRESSED   0x00000014   Data   RW         2050    .data               stm32f10x_rcc.o
    0x200007da   COMPRESSED   0x00000004   Data   RW         3437    .data               delay.o
    0x200007de   COMPRESSED   0x00000002   PAD
    0x200007e0   COMPRESSED   0x00000014   Data   RW         3603    .data               system_stm32f10x.o
    0x200007f4   COMPRESSED   0x00000022   Data   RW         3636    .data               main.o
    0x20000816   COMPRESSED   0x00000004   Data   RW         3685    .data               esp8266.o
    0x2000081a   COMPRESSED   0x00000002   PAD
    0x2000081c        -       0x0000000a   Zero   RW          134    .bss                systick.o
    0x20000826        -       0x00000080   Zero   RW         3684    .bss                esp8266.o
    0x200008a6   COMPRESSED   0x00000002   PAD
    0x200008a8        -       0x00000060   Zero   RW         4145    .bss                c_w.l(libspace.o)
    0x20000908        -       0x00000c00   Zero   RW           18    HEAP                startup_stm32f10x_hd.o
    0x20001508        -       0x00001000   Zero   RW           17    STACK               startup_stm32f10x_hd.o


==============================================================================

Image component sizes


      Code (inc. data)   RO Data    RW Data    ZI Data      Debug   Object Name

       276         34          0          2          0       2599   asrpro_uart.o
         0          0          0          0          0       4572   core_cm3.o
       220         26          0          4          0       1899   delay.o
        76         14          0          4        128       1653   esp8266.o
       452         34          0         34          0       2894   main.o
       172         22          0          0          0       2237   misc.o
      1098         72          0       1984          0      12252   oled.o
       240          8          0          0          0     247919   pwm.o
        64         26        304          0       7168        828   startup_stm32f10x_hd.o
       282          0          0          0          0       2637   stm32f10x_gpio.o
        26          0          0          0          0     205850   stm32f10x_it.o
       340         44          0         20          0       5900   stm32f10x_rcc.o
      1412        156          0          0          0      12401   stm32f10x_tim.o
       612         28          0          0          0       7209   stm32f10x_usart.o
       328         28          0         20          0       2317   system_stm32f10x.o
       610         14          0          4         10       3265   systick.o

    ----------------------------------------------------------------------
      6232        506        336       2076       7308     516432   Object Totals
         0          0         32          0          0          0   (incl. Generated)
        24          0          0          4          2          0   (incl. Padding)

    ----------------------------------------------------------------------

      Code (inc. data)   RO Data    RW Data    ZI Data      Debug   Library Member Name

       100          0          0          0          0          0   __dclz77c.o
         8          0          0          0          0         68   __main.o
         0          0          0          0          0          0   __rtentry.o
        12          0          0          0          0          0   __rtentry2.o
         6          0          0          0          0          0   __rtentry4.o
        52          8          0          0          0          0   __scatter.o
        28          0          0          0          0          0   __scatter_zi.o
        18          0          0          0          0         80   exit.o
         6          0          0          0          0        152   heapauxi.o
         0          0          0          0          0          0   indicate_semi.o
         2          0          0          0          0          0   libinit.o
         2          0          0          0          0          0   libinit2.o
         2          0          0          0          0          0   libshutdown.o
         2          0          0          0          0          0   libshutdown2.o
         8          4          0          0         96         68   libspace.o
         2          0          0          0          0          0   rtexit.o
        10          0          0          0          0          0   rtexit2.o
        12          4          0          0          0         68   sys_exit.o
        74          0          0          0          0         80   sys_stackheap_outer.o
         2          0          0          0          0         68   use_no_semi.o

    ----------------------------------------------------------------------
       352         16          0          0         96        584   Library Totals
         6          0          0          0          0          0   (incl. Padding)

    ----------------------------------------------------------------------

      Code (inc. data)   RO Data    RW Data    ZI Data      Debug   Library Name

       346         16          0          0         96        584   c_w.l

    ----------------------------------------------------------------------
       352         16          0          0         96        584   Library Totals

    ----------------------------------------------------------------------

==============================================================================


      Code (inc. data)   RO Data    RW Data    ZI Data      Debug   

      6584        522        336       2076       7404     512904   Grand Totals
      6584        522        336       1208       7404     512904   ELF Image Totals (compressed)
      6584        522        336       1208          0          0   ROM Totals

==============================================================================

    Total RO  Size (Code + RO Data)                 6920 (   6.76kB)
    Total RW  Size (RW Data + ZI Data)              9480 (   9.26kB)
    Total ROM Size (Code + RO Data + RW Data)       8128 (   7.94kB)

==============================================================================

